[2026-09-18T00:01:32.609+0000] {local_task_job_runner.py:120} INFO - ::group::Pre task execution logs
[2026-09-18T00:01:32.659+0000] {taskinstance.py:2076} INFO - Dependencies all met for dep_context=non-requeueable deps ti=<TaskInstance: weather_pipeline.execute_load_weather scheduled__2026-09-17T00:00:00+00:00 [queued]>
[2026-09-18T00:01:32.670+0000] {taskinstance.py:2076} INFO - Dependencies all met for dep_context=requeueable deps ti=<TaskInstance: weather_pipeline.execute_load_weather scheduled__2026-09-17T00:00:00+00:00 [queued]>
[2026-09-18T00:01:32.671+0000] {taskinstance.py:2306} INFO - Starting attempt 1 of 3
[2026-09-18T00:01:32.690+0000] {taskinstance.py:2330} INFO - Executing <Task(PythonOperator): execute_load_weather> on 2026-09-17 00:00:00+00:00
[2026-09-18T00:01:32.698+0000] {standard_task_runner.py:63} INFO - Started process 391 to run task
[2026-09-18T00:01:32.702+0000] {standard_task_runner.py:90} INFO - Running: ['***', 'tasks', 'run', 'weather_pipeline', 'execute_load_weather', 'scheduled__2026-09-17T00:00:00+00:00', '--job-id', '33', '--raw', '--subdir', 'DAGS_FOLDER/weather_pipeline.py', '--cfg-path', '/tmp/tmpfan_dvfc']
[2026-09-18T00:01:32.704+0000] {standard_task_runner.py:91} INFO - Job 33: Subtask execute_load_weather
[2026-09-18T00:01:32.834+0000] {task_command.py:426} INFO - Running <TaskInstance: weather_pipeline.execute_load_weather scheduled__2026-09-17T00:00:00+00:00 [running]> on host bf60467b7be1
[2026-09-18T00:01:33.118+0000] {taskinstance.py:2648} INFO - Exporting env vars: AIRFLOW_CTX_DAG_OWNER='***' AIRFLOW_CTX_DAG_ID='weather_pipeline' AIRFLOW_CTX_TASK_ID='execute_load_weather' AIRFLOW_CTX_EXECUTION_DATE='2026-09-17T00:00:00+00:00' AIRFLOW_CTX_TRY_NUMBER='1' AIRFLOW_CTX_DAG_RUN_ID='scheduled__2026-09-17T00:00:00+00:00'
[2026-09-18T00:01:33.120+0000] {taskinstance.py:430} INFO - ::endgroup::
[2026-09-18T00:01:33.429+0000] {logging_mixin.py:188} INFO - Loaded 840 weather records into PostgreSQL!
[2026-09-18T00:01:33.430+0000] {logging_mixin.py:188} INFO - Loaded 120 city records into PostgreSQL!
[2026-09-18T00:01:33.431+0000] {python.py:237} INFO - Done. Returned value was: None
[2026-09-18T00:01:33.432+0000] {taskinstance.py:441} INFO - ::group::Post task execution logs
[2026-09-18T00:01:33.465+0000] {taskinstance.py:1206} INFO - Marking task as SUCCESS. dag_id=weather_pipeline, task_id=execute_load_weather, run_id=scheduled__2026-09-17T00:00:00+00:00, execution_date=20260917T000000, start_date=20260918T000132, end_date=20260918T000133
[2026-09-18T00:01:33.516+0000] {local_task_job_runner.py:240} INFO - Task exited with return code 0
[2026-09-18T00:01:33.582+0000] {taskinstance.py:3503} INFO - 0 downstream tasks scheduled from follow-on schedule check
[2026-09-18T00:01:33.589+0000] {local_task_job_runner.py:222} INFO - ::endgroup::
[2026-09-18T00:17:06.974+0000] {local_task_job_runner.py:120} INFO - ::group::Pre task execution logs
[2026-09-18T00:17:07.094+0000] {taskinstance.py:2076} INFO - Dependencies all met for dep_context=non-requeueable deps ti=<TaskInstance: weather_pipeline.execute_load_weather scheduled__2026-09-17T00:00:00+00:00 [queued]>
[2026-09-18T00:17:07.123+0000] {taskinstance.py:2076} INFO - Dependencies all met for dep_context=requeueable deps ti=<TaskInstance: weather_pipeline.execute_load_weather scheduled__2026-09-17T00:00:00+00:00 [queued]>
[2026-09-18T00:17:07.124+0000] {taskinstance.py:2306} INFO - Starting attempt 1 of 3
[2026-09-18T00:17:07.172+0000] {taskinstance.py:2330} INFO - Executing <Task(PythonOperator): execute_load_weather> on 2026-09-17 00:00:00+00:00
[2026-09-18T00:17:07.192+0000] {standard_task_runner.py:63} INFO - Started process 480 to run task
[2026-09-18T00:17:07.201+0000] {standard_task_runner.py:90} INFO - Running: ['***', 'tasks', 'run', 'weather_pipeline', 'execute_load_weather', 'scheduled__2026-09-17T00:00:00+00:00', '--job-id', '36', '--raw', '--subdir', 'DAGS_FOLDER/weather_pipeline.py', '--cfg-path', '/tmp/tmp2h88_cel']
[2026-09-18T00:17:07.207+0000] {standard_task_runner.py:91} INFO - Job 36: Subtask execute_load_weather
[2026-09-18T00:17:07.442+0000] {task_command.py:426} INFO - Running <TaskInstance: weather_pipeline.execute_load_weather scheduled__2026-09-17T00:00:00+00:00 [running]> on host bf60467b7be1
[2026-09-18T00:17:08.038+0000] {taskinstance.py:2648} INFO - Exporting env vars: AIRFLOW_CTX_DAG_OWNER='***' AIRFLOW_CTX_DAG_ID='weather_pipeline' AIRFLOW_CTX_TASK_ID='execute_load_weather' AIRFLOW_CTX_EXECUTION_DATE='2026-09-17T00:00:00+00:00' AIRFLOW_CTX_TRY_NUMBER='1' AIRFLOW_CTX_DAG_RUN_ID='scheduled__2026-09-17T00:00:00+00:00'
[2026-09-18T00:17:08.042+0000] {taskinstance.py:430} INFO - ::endgroup::
[2026-09-18T00:17:08.644+0000] {logging_mixin.py:188} INFO - Loaded 833 weather records into PostgreSQL!
[2026-09-18T00:17:08.645+0000] {logging_mixin.py:188} INFO - Loaded 120 city records into PostgreSQL!
[2026-09-18T00:17:08.646+0000] {python.py:237} INFO - Done. Returned value was: None
[2026-09-18T00:17:08.647+0000] {taskinstance.py:441} INFO - ::group::Post task execution logs
[2026-09-18T00:17:08.690+0000] {taskinstance.py:1206} INFO - Marking task as SUCCESS. dag_id=weather_pipeline, task_id=execute_load_weather, run_id=scheduled__2026-09-17T00:00:00+00:00, execution_date=20260917T000000, start_date=20260918T001707, end_date=20260918T001708
[2026-09-18T00:17:08.779+0000] {local_task_job_runner.py:240} INFO - Task exited with return code 0
[2026-09-18T00:17:08.847+0000] {taskinstance.py:3503} INFO - 0 downstream tasks scheduled from follow-on schedule check
[2026-09-18T00:17:08.853+0000] {local_task_job_runner.py:222} INFO - ::endgroup::
