[2026-09-17T23:54:49.316+0000] {local_task_job_runner.py:120} INFO - ::group::Pre task execution logs
[2026-09-17T23:54:49.368+0000] {taskinstance.py:2076} INFO - Dependencies all met for dep_context=non-requeueable deps ti=<TaskInstance: weather_pipeline.execute_extract manual__2026-09-17T23:54:43.704684+00:00 [queued]>
[2026-09-17T23:54:49.379+0000] {taskinstance.py:2076} INFO - Dependencies all met for dep_context=requeueable deps ti=<TaskInstance: weather_pipeline.execute_extract manual__2026-09-17T23:54:43.704684+00:00 [queued]>
[2026-09-17T23:54:49.380+0000] {taskinstance.py:2306} INFO - Starting attempt 1 of 3
[2026-09-17T23:54:49.399+0000] {taskinstance.py:2330} INFO - Executing <Task(PythonOperator): execute_extract> on 2026-09-17 23:54:43.704684+00:00
[2026-09-17T23:54:49.406+0000] {standard_task_runner.py:63} INFO - Started process 305 to run task
[2026-09-17T23:54:49.410+0000] {standard_task_runner.py:90} INFO - Running: ['***', 'tasks', 'run', 'weather_pipeline', 'execute_extract', 'manual__2026-09-17T23:54:43.704684+00:00', '--job-id', '27', '--raw', '--subdir', 'DAGS_FOLDER/weather_pipeline.py', '--cfg-path', '/tmp/tmpwtvmeqmg']
[2026-09-17T23:54:49.412+0000] {standard_task_runner.py:91} INFO - Job 27: Subtask execute_extract
[2026-09-17T23:54:49.498+0000] {task_command.py:426} INFO - Running <TaskInstance: weather_pipeline.execute_extract manual__2026-09-17T23:54:43.704684+00:00 [running]> on host bf60467b7be1
[2026-09-17T23:54:49.778+0000] {taskinstance.py:2648} INFO - Exporting env vars: AIRFLOW_CTX_DAG_OWNER='***' AIRFLOW_CTX_DAG_ID='weather_pipeline' AIRFLOW_CTX_TASK_ID='execute_extract' AIRFLOW_CTX_EXECUTION_DATE='2026-09-17T23:54:43.704684+00:00' AIRFLOW_CTX_TRY_NUMBER='1' AIRFLOW_CTX_DAG_RUN_ID='manual__2026-09-17T23:54:43.704684+00:00'
[2026-09-17T23:54:49.779+0000] {taskinstance.py:430} INFO - ::endgroup::
[2026-09-17T23:54:49.829+0000] {logging_mixin.py:188} INFO - Fetching weather data for: Casablanca...
[2026-09-17T23:54:50.303+0000] {logging_mixin.py:188} INFO - Fetching weather data for: Tangier...
[2026-09-17T23:54:50.757+0000] {logging_mixin.py:188} INFO - Fetching weather data for: Fès...
[2026-09-17T23:54:51.243+0000] {logging_mixin.py:188} INFO - Fetching weather data for: Marrakech...
[2026-09-17T23:54:51.677+0000] {logging_mixin.py:188} INFO - Fetching weather data for: Sale...
[2026-09-17T23:54:52.097+0000] {logging_mixin.py:188} INFO - Fetching weather data for: Meknès...
[2026-09-17T23:54:52.527+0000] {logging_mixin.py:188} INFO - Fetching weather data for: Rabat...
[2026-09-17T23:54:52.932+0000] {logging_mixin.py:188} INFO - Fetching weather data for: Agadir...
[2026-09-17T23:54:53.364+0000] {logging_mixin.py:188} INFO - Fetching weather data for: Kenitra...
[2026-09-17T23:54:53.774+0000] {logging_mixin.py:188} INFO - Fetching weather data for: Oujda-Angad...
[2026-09-17T23:54:54.238+0000] {logging_mixin.py:188} INFO - Fetching weather data for: Tétouan...
[2026-09-17T23:54:54.716+0000] {logging_mixin.py:188} INFO - Fetching weather data for: Safi...
[2026-09-17T23:54:55.152+0000] {logging_mixin.py:188} INFO - Fetching weather data for: Taourirt...
[2026-09-17T23:54:55.581+0000] {logging_mixin.py:188} INFO - Fetching weather data for: Temara...
[2026-09-17T23:54:56.032+0000] {logging_mixin.py:188} INFO - Fetching weather data for: Laâyoune...
[2026-09-17T23:54:56.564+0000] {logging_mixin.py:188} INFO - Fetching weather data for: El Jadid...
[2026-09-17T23:54:57.017+0000] {logging_mixin.py:188} INFO - Fetching weather data for: Ait Melloul...
[2026-09-17T23:54:57.581+0000] {logging_mixin.py:188} INFO - Fetching weather data for: Béni Mellal...
[2026-09-17T23:54:58.003+0000] {logging_mixin.py:188} INFO - Fetching weather data for: Bouskoura...
[2026-09-17T23:54:58.448+0000] {logging_mixin.py:188} INFO - Fetching weather data for: Tiznit...
[2026-09-17T23:54:58.869+0000] {logging_mixin.py:188} INFO - Fetching weather data for: Mohammedia...
[2026-09-17T23:54:59.311+0000] {logging_mixin.py:188} INFO - Fetching weather data for: Kouribga...
[2026-09-17T23:54:59.734+0000] {logging_mixin.py:188} INFO - Fetching weather data for: Settat...
[2026-09-17T23:55:00.155+0000] {logging_mixin.py:188} INFO - Fetching weather data for: Barrechid...
[2026-09-17T23:55:00.600+0000] {logging_mixin.py:188} INFO - Fetching weather data for: Ad Dakhla...
[2026-09-17T23:55:01.032+0000] {logging_mixin.py:188} INFO - Fetching weather data for: Nador...
[2026-09-17T23:55:01.470+0000] {logging_mixin.py:188} INFO - Fetching weather data for: Taza...
[2026-09-17T23:55:01.903+0000] {logging_mixin.py:188} INFO - Fetching weather data for: Inezgane...
[2026-09-17T23:55:02.346+0000] {logging_mixin.py:188} INFO - Fetching weather data for: Larache...
[2026-09-17T23:55:02.820+0000] {logging_mixin.py:188} INFO - Fetching weather data for: Al Khmissat...
[2026-09-17T23:55:03.190+0000] {logging_mixin.py:188} INFO - Fetching weather data for: Guelmim...
[2026-09-17T23:55:03.566+0000] {logging_mixin.py:188} INFO - Fetching weather data for: Ksar El Kebir...
[2026-09-17T23:55:04.014+0000] {logging_mixin.py:188} INFO - Fetching weather data for: Khénifra...
[2026-09-17T23:55:04.449+0000] {logging_mixin.py:188} INFO - Fetching weather data for: Skhirate...
[2026-09-17T23:55:04.885+0000] {logging_mixin.py:188} INFO - Fetching weather data for: Beni Yakhlef...
[2026-09-17T23:55:05.327+0000] {logging_mixin.py:188} INFO - Fetching weather data for: Sidi Yahya Zaer...
[2026-09-17T23:55:05.765+0000] {logging_mixin.py:188} INFO - Fetching weather data for: Ben Guerir...
[2026-09-17T23:55:06.255+0000] {logging_mixin.py:188} INFO - Fetching weather data for: Ait Ali...
[2026-09-17T23:55:06.657+0000] {logging_mixin.py:188} INFO - Fetching weather data for: My Drarga...
[2026-09-17T23:55:07.031+0000] {logging_mixin.py:188} INFO - Fetching weather data for: Lqoliaa...
[2026-09-17T23:55:07.402+0000] {logging_mixin.py:188} INFO - Fetching weather data for: El Kelaa des Srarhna...
[2026-09-17T23:55:07.796+0000] {logging_mixin.py:188} INFO - Fetching weather data for: Moulay Abdallah...
[2026-09-17T23:55:08.163+0000] {logging_mixin.py:188} INFO - Fetching weather data for: Tiflet...
[2026-09-17T23:55:08.548+0000] {logging_mixin.py:188} INFO - Fetching weather data for: Oulad Teïma...
[2026-09-17T23:55:08.930+0000] {logging_mixin.py:188} INFO - Fetching weather data for: Berkane...
[2026-09-17T23:55:09.302+0000] {logging_mixin.py:188} INFO - Fetching weather data for: Ain El Aouda...
[2026-09-17T23:55:09.669+0000] {logging_mixin.py:188} INFO - Fetching weather data for: Errachidia...
[2026-09-17T23:55:10.038+0000] {logging_mixin.py:188} INFO - Fetching weather data for: Al Fqih Ben Çalah...
[2026-09-17T23:55:10.409+0000] {logging_mixin.py:188} INFO - Fetching weather data for: Ad Darwa...
[2026-09-17T23:55:10.793+0000] {logging_mixin.py:188} INFO - Fetching weather data for: Martil...
[2026-09-17T23:55:11.180+0000] {logging_mixin.py:188} INFO - Fetching weather data for: Sidi Slimane...
[2026-09-17T23:55:11.577+0000] {logging_mixin.py:188} INFO - Fetching weather data for: Oued Zem...
[2026-09-17T23:55:11.949+0000] {logging_mixin.py:188} INFO - Fetching weather data for: Sefrou...
[2026-09-17T23:55:12.336+0000] {logging_mixin.py:188} INFO - Fetching weather data for: Taroudannt...
[2026-09-17T23:55:12.762+0000] {logging_mixin.py:188} INFO - Fetching weather data for: Essaouira...
[2026-09-17T23:55:13.219+0000] {logging_mixin.py:188} INFO - Fetching weather data for: Azrou...
[2026-09-17T23:55:13.642+0000] {logging_mixin.py:188} INFO - Fetching weather data for: Guercif...
[2026-09-17T23:55:14.058+0000] {logging_mixin.py:188} INFO - Fetching weather data for: Warzat...
[2026-09-17T23:55:14.481+0000] {logging_mixin.py:188} INFO - Fetching weather data for: Fnidq...
[2026-09-17T23:55:14.914+0000] {logging_mixin.py:188} INFO - Fetching weather data for: Tan-Tan...
[2026-09-17T23:55:15.358+0000] {logging_mixin.py:188} INFO - Fetching weather data for: Sidi Qacem...
[2026-09-17T23:55:15.781+0000] {logging_mixin.py:188} INFO - Fetching weather data for: M’diq...
[2026-09-17T23:55:16.258+0000] {logging_mixin.py:188} INFO - Fetching weather data for: Youssoufia...
[2026-09-17T23:55:16.672+0000] {logging_mixin.py:188} INFO - Fetching weather data for: Midalt...
[2026-09-17T23:55:17.092+0000] {logging_mixin.py:188} INFO - Fetching weather data for: Aïn Harrouda...
[2026-09-17T23:55:17.576+0000] {logging_mixin.py:188} INFO - Fetching weather data for: Souq Sebt Oulad Nemma...
[2026-09-17T23:55:18.019+0000] {logging_mixin.py:188} INFO - Fetching weather data for: Mehdya...
[2026-09-17T23:55:18.437+0000] {logging_mixin.py:188} INFO - Fetching weather data for: Ouezzane...
[2026-09-17T23:55:18.862+0000] {logging_mixin.py:188} INFO - Fetching weather data for: Semara...
[2026-09-17T23:55:19.362+0000] {logging_mixin.py:188} INFO - Fetching weather data for: Ait Ourir...
[2026-09-17T23:55:19.827+0000] {logging_mixin.py:188} INFO - Fetching weather data for: Oulad Tayeb...
[2026-09-17T23:55:20.241+0000] {logging_mixin.py:188} INFO - Fetching weather data for: Tit Mellil...
[2026-09-17T23:55:20.710+0000] {logging_mixin.py:188} INFO - Fetching weather data for: Sidi Bennour...
[2026-09-17T23:55:21.209+0000] {logging_mixin.py:188} INFO - Fetching weather data for: Temsia...
[2026-09-17T23:55:21.691+0000] {logging_mixin.py:188} INFO - Fetching weather data for: Biougra...
[2026-09-17T23:55:22.111+0000] {logging_mixin.py:188} INFO - Fetching weather data for: Al Hoceïma...
[2026-09-17T23:55:22.492+0000] {logging_mixin.py:188} INFO - Fetching weather data for: Qasbat Tadla...
[2026-09-17T23:55:22.905+0000] {logging_mixin.py:188} INFO - Fetching weather data for: Aziylal...
[2026-09-17T23:55:23.336+0000] {logging_mixin.py:188} INFO - Fetching weather data for: Boujad...
[2026-09-17T23:55:23.750+0000] {logging_mixin.py:188} INFO - Fetching weather data for: Al Aaroui...
[2026-09-17T23:55:24.165+0000] {logging_mixin.py:188} INFO - Fetching weather data for: Mrirt...
[2026-09-17T23:55:24.596+0000] {logging_mixin.py:188} INFO - Fetching weather data for: Tineghir...
[2026-09-17T23:55:25.014+0000] {logging_mixin.py:188} INFO - Fetching weather data for: Bouknadel...
[2026-09-17T23:55:25.495+0000] {logging_mixin.py:188} INFO - Fetching weather data for: Cabo Bojador...
[2026-09-17T23:55:25.927+0000] {logging_mixin.py:188} INFO - Fetching weather data for: Zagora...
[2026-09-17T23:55:26.357+0000] {logging_mixin.py:188} INFO - Fetching weather data for: Azemmour...
[2026-09-17T23:55:26.807+0000] {logging_mixin.py:188} INFO - Fetching weather data for: El Hajeb...
[2026-09-17T23:55:27.241+0000] {logging_mixin.py:188} INFO - Fetching weather data for: Jerada...
[2026-09-17T23:55:27.751+0000] {logging_mixin.py:188} INFO - Fetching weather data for: El Aïoun...
[2026-09-17T23:55:28.112+0000] {logging_mixin.py:188} INFO - Fetching weather data for: Tameslouht...
[2026-09-17T23:55:28.479+0000] {logging_mixin.py:188} INFO - Fetching weather data for: Sidi Yahia El Gharb...
[2026-09-17T23:55:28.832+0000] {logging_mixin.py:188} INFO - Fetching weather data for: Chichaoua...
[2026-09-17T23:55:29.184+0000] {logging_mixin.py:188} INFO - Fetching weather data for: Al ’Attawia...
[2026-09-17T23:55:29.545+0000] {logging_mixin.py:188} INFO - Fetching weather data for: Tabount...
[2026-09-17T23:55:29.966+0000] {logging_mixin.py:188} INFO - Fetching weather data for: Zaïo...
[2026-09-17T23:55:30.385+0000] {logging_mixin.py:188} INFO - Fetching weather data for: Aguelmous...
[2026-09-17T23:55:30.788+0000] {logging_mixin.py:188} INFO - Fetching weather data for: Asilah...
[2026-09-17T23:55:31.202+0000] {logging_mixin.py:188} INFO - Fetching weather data for: Imzouren...
[2026-09-17T23:55:31.615+0000] {logging_mixin.py:188} INFO - Fetching weather data for: Mediouna...
[2026-09-17T23:55:32.044+0000] {logging_mixin.py:188} INFO - Fetching weather data for: Demnat...
[2026-09-17T23:55:32.473+0000] {logging_mixin.py:188} INFO - Fetching weather data for: Aïn Taoujdat...
[2026-09-17T23:55:32.905+0000] {logging_mixin.py:188} INFO - Fetching weather data for: Sidi Smai’il...
[2026-09-17T23:55:33.359+0000] {logging_mixin.py:188} INFO - Fetching weather data for: Moulay Bousselham...
[2026-09-17T23:55:33.768+0000] {logging_mixin.py:188} INFO - Fetching weather data for: Mechraa Bel Ksiri...
[2026-09-17T23:55:34.158+0000] {logging_mixin.py:188} INFO - Fetching weather data for: Souk et Tnine Jorf el Mellah...
[2026-09-17T23:55:34.534+0000] {logging_mixin.py:188} INFO - Fetching weather data for: Zeghanghane...
[2026-09-17T23:55:35.058+0000] {logging_mixin.py:188} INFO - Fetching weather data for: Oulad Barhil...
[2026-09-17T23:55:35.542+0000] {logging_mixin.py:188} INFO - Fetching weather data for: Bir Jdid...
[2026-09-17T23:55:35.953+0000] {logging_mixin.py:188} INFO - Fetching weather data for: Bou Arfa...
[2026-09-17T23:55:36.364+0000] {logging_mixin.py:188} INFO - Fetching weather data for: Tahannawt...
[2026-09-17T23:55:36.789+0000] {logging_mixin.py:188} INFO - Fetching weather data for: Arfoud...
[2026-09-17T23:55:37.241+0000] {logging_mixin.py:188} INFO - Fetching weather data for: Tahla...
[2026-09-17T23:55:37.660+0000] {logging_mixin.py:188} INFO - Fetching weather data for: Missour...
[2026-09-17T23:55:38.041+0000] {logging_mixin.py:188} INFO - Fetching weather data for: Sidi Lmokhtar...
[2026-09-17T23:55:38.405+0000] {logging_mixin.py:188} INFO - Fetching weather data for: Douar Toulal...
[2026-09-17T23:55:38.834+0000] {logging_mixin.py:188} INFO - Fetching weather data for: Oulad Yaïch...
[2026-09-17T23:55:39.241+0000] {logging_mixin.py:188} INFO - Fetching weather data for: Zawyat ech Cheïkh...
[2026-09-17T23:55:39.653+0000] {logging_mixin.py:188} INFO - Fetching weather data for: Imi-n-Tanout...
[2026-09-17T23:55:40.066+0000] {logging_mixin.py:188} INFO - Fetching weather data for: Sebt Gzoula...
[2026-09-17T23:55:40.479+0000] {logging_mixin.py:188} INFO - Fetching weather data for: Tifariti...
[2026-09-17T23:55:41.034+0000] {logging_mixin.py:188} INFO - 
Extraction complete! 120 cities saved to /opt/***/data/bronze/raw_json/raw_weather_20260917_235540.json
[2026-09-17T23:55:41.036+0000] {python.py:237} INFO - Done. Returned value was: None
[2026-09-17T23:55:41.038+0000] {taskinstance.py:441} INFO - ::group::Post task execution logs
[2026-09-17T23:55:41.103+0000] {taskinstance.py:1206} INFO - Marking task as SUCCESS. dag_id=weather_pipeline, task_id=execute_extract, run_id=manual__2026-09-17T23:54:43.704684+00:00, execution_date=20260917T235443, start_date=20260917T235449, end_date=20260917T235541
[2026-09-17T23:55:41.205+0000] {local_task_job_runner.py:240} INFO - Task exited with return code 0
[2026-09-17T23:55:41.348+0000] {taskinstance.py:3503} INFO - 1 downstream tasks scheduled from follow-on schedule check
[2026-09-17T23:55:41.356+0000] {local_task_job_runner.py:222} INFO - ::endgroup::
