[2026-09-18T00:17:21.526+0000] {local_task_job_runner.py:120} INFO - ::group::Pre task execution logs
[2026-09-18T00:17:21.661+0000] {taskinstance.py:2076} INFO - Dependencies all met for dep_context=non-requeueable deps ti=<TaskInstance: weather_pipeline.execute_extract manual__2026-09-18T00:14:59.875321+00:00 [queued]>
[2026-09-18T00:17:21.692+0000] {taskinstance.py:2076} INFO - Dependencies all met for dep_context=requeueable deps ti=<TaskInstance: weather_pipeline.execute_extract manual__2026-09-18T00:14:59.875321+00:00 [queued]>
[2026-09-18T00:17:21.693+0000] {taskinstance.py:2306} INFO - Starting attempt 1 of 3
[2026-09-18T00:17:21.745+0000] {taskinstance.py:2330} INFO - Executing <Task(PythonOperator): execute_extract> on 2026-09-18 00:14:59.875321+00:00
[2026-09-18T00:17:21.768+0000] {standard_task_runner.py:63} INFO - Started process 492 to run task
[2026-09-18T00:17:21.776+0000] {standard_task_runner.py:90} INFO - Running: ['***', 'tasks', 'run', 'weather_pipeline', 'execute_extract', 'manual__2026-09-18T00:14:59.875321+00:00', '--job-id', '37', '--raw', '--subdir', 'DAGS_FOLDER/weather_pipeline.py', '--cfg-path', '/tmp/tmpxqr3efyo']
[2026-09-18T00:17:21.782+0000] {standard_task_runner.py:91} INFO - Job 37: Subtask execute_extract
[2026-09-18T00:17:21.980+0000] {task_command.py:426} INFO - Running <TaskInstance: weather_pipeline.execute_extract manual__2026-09-18T00:14:59.875321+00:00 [running]> on host bf60467b7be1
[2026-09-18T00:17:22.347+0000] {taskinstance.py:2648} INFO - Exporting env vars: AIRFLOW_CTX_DAG_OWNER='***' AIRFLOW_CTX_DAG_ID='weather_pipeline' AIRFLOW_CTX_TASK_ID='execute_extract' AIRFLOW_CTX_EXECUTION_DATE='2026-09-18T00:14:59.875321+00:00' AIRFLOW_CTX_TRY_NUMBER='1' AIRFLOW_CTX_DAG_RUN_ID='manual__2026-09-18T00:14:59.875321+00:00'
[2026-09-18T00:17:22.351+0000] {taskinstance.py:430} INFO - ::endgroup::
[2026-09-18T00:17:22.433+0000] {logging_mixin.py:188} INFO - Fetching weather data for: Casablanca...
[2026-09-18T00:17:22.896+0000] {logging_mixin.py:188} INFO - Fetching weather data for: Tangier...
[2026-09-18T00:17:23.333+0000] {logging_mixin.py:188} INFO - Fetching weather data for: Fès...
[2026-09-18T00:17:23.778+0000] {logging_mixin.py:188} INFO - Fetching weather data for: Marrakech...
[2026-09-18T00:17:24.249+0000] {logging_mixin.py:188} INFO - Fetching weather data for: Sale...
[2026-09-18T00:17:24.698+0000] {logging_mixin.py:188} INFO - Fetching weather data for: Meknès...
[2026-09-18T00:17:25.140+0000] {logging_mixin.py:188} INFO - Fetching weather data for: Rabat...
[2026-09-18T00:17:25.613+0000] {logging_mixin.py:188} INFO - Fetching weather data for: Agadir...
[2026-09-18T00:17:26.107+0000] {logging_mixin.py:188} INFO - Fetching weather data for: Kenitra...
[2026-09-18T00:17:26.683+0000] {logging_mixin.py:188} INFO - Fetching weather data for: Oujda-Angad...
[2026-09-18T00:17:27.238+0000] {logging_mixin.py:188} INFO - Fetching weather data for: Tétouan...
[2026-09-18T00:17:27.722+0000] {logging_mixin.py:188} INFO - Fetching weather data for: Safi...
[2026-09-18T00:17:28.191+0000] {logging_mixin.py:188} INFO - Fetching weather data for: Taourirt...
[2026-09-18T00:17:28.651+0000] {logging_mixin.py:188} INFO - Fetching weather data for: Temara...
[2026-09-18T00:17:29.074+0000] {logging_mixin.py:188} INFO - Fetching weather data for: Laâyoune...
[2026-09-18T00:17:29.531+0000] {logging_mixin.py:188} INFO - Fetching weather data for: El Jadid...
[2026-09-18T00:17:29.930+0000] {logging_mixin.py:188} INFO - Fetching weather data for: Ait Melloul...
[2026-09-18T00:17:30.378+0000] {logging_mixin.py:188} INFO - Fetching weather data for: Béni Mellal...
[2026-09-18T00:17:30.822+0000] {logging_mixin.py:188} INFO - Fetching weather data for: Bouskoura...
[2026-09-18T00:17:31.294+0000] {logging_mixin.py:188} INFO - Fetching weather data for: Tiznit...
[2026-09-18T00:17:31.752+0000] {logging_mixin.py:188} INFO - Fetching weather data for: Mohammedia...
[2026-09-18T00:17:32.170+0000] {logging_mixin.py:188} INFO - Fetching weather data for: Kouribga...
[2026-09-18T00:17:32.704+0000] {logging_mixin.py:188} INFO - Fetching weather data for: Settat...
[2026-09-18T00:17:33.334+0000] {logging_mixin.py:188} INFO - Fetching weather data for: Barrechid...
[2026-09-18T00:17:33.909+0000] {logging_mixin.py:188} INFO - Fetching weather data for: Ad Dakhla...
[2026-09-18T00:17:34.364+0000] {logging_mixin.py:188} INFO - Fetching weather data for: Nador...
[2026-09-18T00:17:39.764+0000] {logging_mixin.py:188} INFO - Fetching weather data for: Taza...
[2026-09-18T00:17:40.245+0000] {logging_mixin.py:188} INFO - Fetching weather data for: Inezgane...
[2026-09-18T00:17:40.703+0000] {logging_mixin.py:188} INFO - Fetching weather data for: Larache...
[2026-09-18T00:17:41.156+0000] {logging_mixin.py:188} INFO - Fetching weather data for: Al Khmissat...
[2026-09-18T00:17:43.025+0000] {logging_mixin.py:188} INFO - Fetching weather data for: Guelmim...
[2026-09-18T00:17:43.547+0000] {logging_mixin.py:188} INFO - Fetching weather data for: Ksar El Kebir...
[2026-09-18T00:17:43.975+0000] {logging_mixin.py:188} INFO - Fetching weather data for: Khénifra...
[2026-09-18T00:17:44.412+0000] {logging_mixin.py:188} INFO - Fetching weather data for: Skhirate...
[2026-09-18T00:17:44.846+0000] {logging_mixin.py:188} INFO - Fetching weather data for: Beni Yakhlef...
[2026-09-18T00:17:45.290+0000] {logging_mixin.py:188} INFO - Fetching weather data for: Sidi Yahya Zaer...
[2026-09-18T00:17:45.786+0000] {logging_mixin.py:188} INFO - Fetching weather data for: Ben Guerir...
[2026-09-18T00:17:46.251+0000] {logging_mixin.py:188} INFO - Fetching weather data for: Ait Ali...
[2026-09-18T00:17:46.729+0000] {logging_mixin.py:188} INFO - Fetching weather data for: My Drarga...
[2026-09-18T00:17:47.181+0000] {logging_mixin.py:188} INFO - Fetching weather data for: Lqoliaa...
[2026-09-18T00:17:47.662+0000] {logging_mixin.py:188} INFO - Fetching weather data for: El Kelaa des Srarhna...
[2026-09-18T00:17:48.117+0000] {logging_mixin.py:188} INFO - Fetching weather data for: Moulay Abdallah...
[2026-09-18T00:17:48.597+0000] {logging_mixin.py:188} INFO - Fetching weather data for: Tiflet...
[2026-09-18T00:17:49.050+0000] {logging_mixin.py:188} INFO - Fetching weather data for: Oulad Teïma...
[2026-09-18T00:17:49.488+0000] {logging_mixin.py:188} INFO - Fetching weather data for: Berkane...
[2026-09-18T00:17:49.927+0000] {logging_mixin.py:188} INFO - Fetching weather data for: Ain El Aouda...
[2026-09-18T00:17:50.361+0000] {logging_mixin.py:188} INFO - Fetching weather data for: Errachidia...
[2026-09-18T00:17:50.858+0000] {logging_mixin.py:188} INFO - Fetching weather data for: Al Fqih Ben Çalah...
[2026-09-18T00:17:51.281+0000] {logging_mixin.py:188} INFO - Fetching weather data for: Ad Darwa...
[2026-09-18T00:17:51.700+0000] {logging_mixin.py:188} INFO - Fetching weather data for: Martil...
[2026-09-18T00:17:52.134+0000] {logging_mixin.py:188} INFO - Fetching weather data for: Sidi Slimane...
[2026-09-18T00:17:52.597+0000] {logging_mixin.py:188} INFO - Fetching weather data for: Oued Zem...
[2026-09-18T00:17:53.051+0000] {logging_mixin.py:188} INFO - Fetching weather data for: Sefrou...
[2026-09-18T00:17:53.524+0000] {logging_mixin.py:188} INFO - Fetching weather data for: Taroudannt...
[2026-09-18T00:17:53.994+0000] {logging_mixin.py:188} INFO - Fetching weather data for: Essaouira...
[2026-09-18T00:17:54.500+0000] {logging_mixin.py:188} INFO - Fetching weather data for: Azrou...
[2026-09-18T00:17:55.031+0000] {logging_mixin.py:188} INFO - Fetching weather data for: Guercif...
[2026-09-18T00:17:55.510+0000] {logging_mixin.py:188} INFO - Fetching weather data for: Warzat...
[2026-09-18T00:17:55.967+0000] {logging_mixin.py:188} INFO - Fetching weather data for: Fnidq...
[2026-09-18T00:17:56.383+0000] {logging_mixin.py:188} INFO - Fetching weather data for: Tan-Tan...
[2026-09-18T00:17:56.840+0000] {logging_mixin.py:188} INFO - Fetching weather data for: Sidi Qacem...
[2026-09-18T00:17:57.276+0000] {logging_mixin.py:188} INFO - Fetching weather data for: M’diq...
[2026-09-18T00:17:57.696+0000] {logging_mixin.py:188} INFO - Fetching weather data for: Youssoufia...
[2026-09-18T00:17:58.194+0000] {logging_mixin.py:188} INFO - Fetching weather data for: Midalt...
[2026-09-18T00:17:58.638+0000] {logging_mixin.py:188} INFO - Fetching weather data for: Aïn Harrouda...
[2026-09-18T00:17:59.064+0000] {logging_mixin.py:188} INFO - Fetching weather data for: Souq Sebt Oulad Nemma...
[2026-09-18T00:17:59.491+0000] {logging_mixin.py:188} INFO - Fetching weather data for: Mehdya...
[2026-09-18T00:17:59.915+0000] {logging_mixin.py:188} INFO - Fetching weather data for: Ouezzane...
[2026-09-18T00:18:00.352+0000] {logging_mixin.py:188} INFO - Fetching weather data for: Semara...
[2026-09-18T00:18:00.805+0000] {logging_mixin.py:188} INFO - Fetching weather data for: Ait Ourir...
[2026-09-18T00:18:01.235+0000] {logging_mixin.py:188} INFO - Fetching weather data for: Oulad Tayeb...
[2026-09-18T00:18:01.699+0000] {logging_mixin.py:188} INFO - Fetching weather data for: Tit Mellil...
[2026-09-18T00:18:02.157+0000] {logging_mixin.py:188} INFO - Fetching weather data for: Sidi Bennour...
[2026-09-18T00:18:02.660+0000] {logging_mixin.py:188} INFO - Fetching weather data for: Temsia...
[2026-09-18T00:18:03.181+0000] {logging_mixin.py:188} INFO - Fetching weather data for: Biougra...
[2026-09-18T00:18:03.647+0000] {logging_mixin.py:188} INFO - Fetching weather data for: Al Hoceïma...
[2026-09-18T00:18:04.090+0000] {logging_mixin.py:188} INFO - Fetching weather data for: Qasbat Tadla...
[2026-09-18T00:18:04.620+0000] {logging_mixin.py:188} INFO - Fetching weather data for: Aziylal...
[2026-09-18T00:18:05.133+0000] {logging_mixin.py:188} INFO - Fetching weather data for: Boujad...
[2026-09-18T00:18:05.553+0000] {logging_mixin.py:188} INFO - Fetching weather data for: Al Aaroui...
[2026-09-18T00:18:06.018+0000] {logging_mixin.py:188} INFO - Fetching weather data for: Mrirt...
[2026-09-18T00:18:06.507+0000] {logging_mixin.py:188} INFO - Fetching weather data for: Tineghir...
[2026-09-18T00:18:06.974+0000] {logging_mixin.py:188} INFO - Fetching weather data for: Bouknadel...
[2026-09-18T00:18:07.400+0000] {logging_mixin.py:188} INFO - Fetching weather data for: Cabo Bojador...
[2026-09-18T00:18:07.834+0000] {logging_mixin.py:188} INFO - Fetching weather data for: Zagora...
[2026-09-18T00:18:08.273+0000] {logging_mixin.py:188} INFO - Fetching weather data for: Azemmour...
[2026-09-18T00:18:08.745+0000] {logging_mixin.py:188} INFO - Fetching weather data for: El Hajeb...
[2026-09-18T00:18:09.200+0000] {logging_mixin.py:188} INFO - Fetching weather data for: Jerada...
[2026-09-18T00:18:09.695+0000] {logging_mixin.py:188} INFO - Fetching weather data for: El Aïoun...
[2026-09-18T00:18:10.153+0000] {logging_mixin.py:188} INFO - Fetching weather data for: Tameslouht...
[2026-09-18T00:18:10.626+0000] {logging_mixin.py:188} INFO - Fetching weather data for: Sidi Yahia El Gharb...
[2026-09-18T00:18:11.073+0000] {logging_mixin.py:188} INFO - Fetching weather data for: Chichaoua...
[2026-09-18T00:18:11.526+0000] {logging_mixin.py:188} INFO - Fetching weather data for: Al ’Attawia...
[2026-09-18T00:18:12.017+0000] {logging_mixin.py:188} INFO - Fetching weather data for: Tabount...
[2026-09-18T00:18:12.468+0000] {logging_mixin.py:188} INFO - Fetching weather data for: Zaïo...
[2026-09-18T00:18:12.937+0000] {logging_mixin.py:188} INFO - Fetching weather data for: Aguelmous...
[2026-09-18T00:18:13.396+0000] {logging_mixin.py:188} INFO - Fetching weather data for: Asilah...
[2026-09-18T00:18:13.835+0000] {logging_mixin.py:188} INFO - Fetching weather data for: Imzouren...
[2026-09-18T00:18:14.281+0000] {logging_mixin.py:188} INFO - Fetching weather data for: Mediouna...
[2026-09-18T00:18:14.761+0000] {logging_mixin.py:188} INFO - Fetching weather data for: Demnat...
[2026-09-18T00:18:15.205+0000] {logging_mixin.py:188} INFO - Fetching weather data for: Aïn Taoujdat...
[2026-09-18T00:18:15.680+0000] {logging_mixin.py:188} INFO - Fetching weather data for: Sidi Smai’il...
[2026-09-18T00:18:16.163+0000] {logging_mixin.py:188} INFO - Fetching weather data for: Moulay Bousselham...
[2026-09-18T00:18:16.626+0000] {logging_mixin.py:188} INFO - Fetching weather data for: Mechraa Bel Ksiri...
[2026-09-18T00:18:17.086+0000] {logging_mixin.py:188} INFO - Fetching weather data for: Souk et Tnine Jorf el Mellah...
[2026-09-18T00:18:17.523+0000] {logging_mixin.py:188} INFO - Fetching weather data for: Zeghanghane...
[2026-09-18T00:18:17.948+0000] {logging_mixin.py:188} INFO - Fetching weather data for: Oulad Barhil...
[2026-09-18T00:18:18.394+0000] {logging_mixin.py:188} INFO - Fetching weather data for: Bir Jdid...
[2026-09-18T00:18:18.831+0000] {logging_mixin.py:188} INFO - Fetching weather data for: Bou Arfa...
[2026-09-18T00:18:19.273+0000] {logging_mixin.py:188} INFO - Fetching weather data for: Tahannawt...
[2026-09-18T00:18:19.735+0000] {logging_mixin.py:188} INFO - Fetching weather data for: Arfoud...
[2026-09-18T00:18:20.181+0000] {logging_mixin.py:188} INFO - Fetching weather data for: Tahla...
[2026-09-18T00:18:20.644+0000] {logging_mixin.py:188} INFO - Fetching weather data for: Missour...
[2026-09-18T00:18:21.111+0000] {logging_mixin.py:188} INFO - Fetching weather data for: Sidi Lmokhtar...
[2026-09-18T00:18:21.559+0000] {logging_mixin.py:188} INFO - Fetching weather data for: Douar Toulal...
[2026-09-18T00:18:22.014+0000] {logging_mixin.py:188} INFO - Fetching weather data for: Oulad Yaïch...
[2026-09-18T00:18:22.486+0000] {logging_mixin.py:188} INFO - Fetching weather data for: Zawyat ech Cheïkh...
[2026-09-18T00:18:22.933+0000] {logging_mixin.py:188} INFO - Fetching weather data for: Imi-n-Tanout...
[2026-09-18T00:18:23.385+0000] {logging_mixin.py:188} INFO - Fetching weather data for: Sebt Gzoula...
[2026-09-18T00:18:23.914+0000] {logging_mixin.py:188} INFO - Fetching weather data for: Tifariti...
[2026-09-18T00:18:24.448+0000] {logging_mixin.py:188} INFO - 
Extraction complete! 120 cities saved to /opt/***/data/bronze/raw_json/latest_raw_weather.json
[2026-09-18T00:18:24.450+0000] {python.py:237} INFO - Done. Returned value was: None
[2026-09-18T00:18:24.451+0000] {taskinstance.py:441} INFO - ::group::Post task execution logs
[2026-09-18T00:18:24.509+0000] {taskinstance.py:1206} INFO - Marking task as SUCCESS. dag_id=weather_pipeline, task_id=execute_extract, run_id=manual__2026-09-18T00:14:59.875321+00:00, execution_date=20260918T001459, start_date=20260918T001721, end_date=20260918T001824
[2026-09-18T00:18:24.617+0000] {local_task_job_runner.py:240} INFO - Task exited with return code 0
[2026-09-18T00:18:24.774+0000] {taskinstance.py:3503} INFO - 1 downstream tasks scheduled from follow-on schedule check
[2026-09-18T00:18:24.787+0000] {local_task_job_runner.py:222} INFO - ::endgroup::
