[2026-09-18T00:00:18.965+0000] {local_task_job_runner.py:120} INFO - ::group::Pre task execution logs
[2026-09-18T00:00:19.019+0000] {taskinstance.py:2076} INFO - Dependencies all met for dep_context=non-requeueable deps ti=<TaskInstance: weather_pipeline.execute_extract scheduled__2026-09-17T00:00:00+00:00 [queued]>
[2026-09-18T00:00:19.031+0000] {taskinstance.py:2076} INFO - Dependencies all met for dep_context=requeueable deps ti=<TaskInstance: weather_pipeline.execute_extract scheduled__2026-09-17T00:00:00+00:00 [queued]>
[2026-09-18T00:00:19.031+0000] {taskinstance.py:2306} INFO - Starting attempt 1 of 3
[2026-09-18T00:00:19.051+0000] {taskinstance.py:2330} INFO - Executing <Task(PythonOperator): execute_extract> on 2026-09-17 00:00:00+00:00
[2026-09-18T00:00:19.059+0000] {standard_task_runner.py:63} INFO - Started process 367 to run task
[2026-09-18T00:00:19.063+0000] {standard_task_runner.py:90} INFO - Running: ['***', 'tasks', 'run', 'weather_pipeline', 'execute_extract', 'scheduled__2026-09-17T00:00:00+00:00', '--job-id', '31', '--raw', '--subdir', 'DAGS_FOLDER/weather_pipeline.py', '--cfg-path', '/tmp/tmpmr66_jf0']
[2026-09-18T00:00:19.065+0000] {standard_task_runner.py:91} INFO - Job 31: Subtask execute_extract
[2026-09-18T00:00:19.146+0000] {task_command.py:426} INFO - Running <TaskInstance: weather_pipeline.execute_extract scheduled__2026-09-17T00:00:00+00:00 [running]> on host bf60467b7be1
[2026-09-18T00:00:19.302+0000] {taskinstance.py:2648} INFO - Exporting env vars: AIRFLOW_CTX_DAG_OWNER='***' AIRFLOW_CTX_DAG_ID='weather_pipeline' AIRFLOW_CTX_TASK_ID='execute_extract' AIRFLOW_CTX_EXECUTION_DATE='2026-09-17T00:00:00+00:00' AIRFLOW_CTX_TRY_NUMBER='1' AIRFLOW_CTX_DAG_RUN_ID='scheduled__2026-09-17T00:00:00+00:00'
[2026-09-18T00:00:19.303+0000] {taskinstance.py:430} INFO - ::endgroup::
[2026-09-18T00:00:19.364+0000] {logging_mixin.py:188} INFO - Fetching weather data for: Casablanca...
[2026-09-18T00:00:20.212+0000] {logging_mixin.py:188} INFO - Fetching weather data for: Tangier...
[2026-09-18T00:00:21.063+0000] {logging_mixin.py:188} INFO - Fetching weather data for: Fès...
[2026-09-18T00:00:21.986+0000] {logging_mixin.py:188} INFO - Fetching weather data for: Marrakech...
[2026-09-18T00:00:22.907+0000] {logging_mixin.py:188} INFO - Fetching weather data for: Sale...
[2026-09-18T00:00:23.726+0000] {logging_mixin.py:188} INFO - Fetching weather data for: Meknès...
[2026-09-18T00:00:24.548+0000] {logging_mixin.py:188} INFO - Fetching weather data for: Rabat...
[2026-09-18T00:00:25.365+0000] {logging_mixin.py:188} INFO - Fetching weather data for: Agadir...
[2026-09-18T00:00:26.082+0000] {logging_mixin.py:188} INFO - Fetching weather data for: Kenitra...
[2026-09-18T00:00:26.818+0000] {logging_mixin.py:188} INFO - Fetching weather data for: Oujda-Angad...
[2026-09-18T00:00:27.618+0000] {logging_mixin.py:188} INFO - Fetching weather data for: Tétouan...
[2026-09-18T00:00:28.336+0000] {logging_mixin.py:188} INFO - Fetching weather data for: Safi...
[2026-09-18T00:00:29.040+0000] {logging_mixin.py:188} INFO - Fetching weather data for: Taourirt...
[2026-09-18T00:00:29.768+0000] {logging_mixin.py:188} INFO - Fetching weather data for: Temara...
[2026-09-18T00:00:30.486+0000] {logging_mixin.py:188} INFO - Fetching weather data for: Laâyoune...
[2026-09-18T00:00:31.147+0000] {logging_mixin.py:188} INFO - Fetching weather data for: El Jadid...
[2026-09-18T00:00:32.023+0000] {logging_mixin.py:188} INFO - Fetching weather data for: Ait Melloul...
[2026-09-18T00:00:32.737+0000] {logging_mixin.py:188} INFO - Fetching weather data for: Béni Mellal...
[2026-09-18T00:00:33.376+0000] {logging_mixin.py:188} INFO - Fetching weather data for: Bouskoura...
[2026-09-18T00:00:34.070+0000] {logging_mixin.py:188} INFO - Fetching weather data for: Tiznit...
[2026-09-18T00:00:34.683+0000] {logging_mixin.py:188} INFO - Fetching weather data for: Mohammedia...
[2026-09-18T00:00:35.401+0000] {logging_mixin.py:188} INFO - Fetching weather data for: Kouribga...
[2026-09-18T00:00:35.960+0000] {logging_mixin.py:188} INFO - Fetching weather data for: Settat...
[2026-09-18T00:00:36.535+0000] {logging_mixin.py:188} INFO - Fetching weather data for: Barrechid...
[2026-09-18T00:00:37.090+0000] {logging_mixin.py:188} INFO - Fetching weather data for: Ad Dakhla...
[2026-09-18T00:00:37.558+0000] {logging_mixin.py:188} INFO - Fetching weather data for: Nador...
[2026-09-18T00:00:38.124+0000] {logging_mixin.py:188} INFO - Fetching weather data for: Taza...
[2026-09-18T00:00:38.693+0000] {logging_mixin.py:188} INFO - Fetching weather data for: Inezgane...
[2026-09-18T00:00:39.238+0000] {logging_mixin.py:188} INFO - Fetching weather data for: Larache...
[2026-09-18T00:00:39.765+0000] {logging_mixin.py:188} INFO - Fetching weather data for: Al Khmissat...
[2026-09-18T00:00:40.312+0000] {logging_mixin.py:188} INFO - Fetching weather data for: Guelmim...
[2026-09-18T00:00:40.794+0000] {logging_mixin.py:188} INFO - Fetching weather data for: Ksar El Kebir...
[2026-09-18T00:00:41.315+0000] {logging_mixin.py:188} INFO - Fetching weather data for: Khénifra...
[2026-09-18T00:00:41.838+0000] {logging_mixin.py:188} INFO - Fetching weather data for: Skhirate...
[2026-09-18T00:00:42.371+0000] {logging_mixin.py:188} INFO - Fetching weather data for: Beni Yakhlef...
[2026-09-18T00:00:42.883+0000] {logging_mixin.py:188} INFO - Fetching weather data for: Sidi Yahya Zaer...
[2026-09-18T00:00:43.399+0000] {logging_mixin.py:188} INFO - Fetching weather data for: Ben Guerir...
[2026-09-18T00:00:43.856+0000] {logging_mixin.py:188} INFO - Fetching weather data for: Ait Ali...
[2026-09-18T00:00:44.277+0000] {logging_mixin.py:188} INFO - Fetching weather data for: My Drarga...
[2026-09-18T00:00:44.767+0000] {logging_mixin.py:188} INFO - Fetching weather data for: Lqoliaa...
[2026-09-18T00:00:45.251+0000] {logging_mixin.py:188} INFO - Fetching weather data for: El Kelaa des Srarhna...
[2026-09-18T00:00:45.743+0000] {logging_mixin.py:188} INFO - Fetching weather data for: Moulay Abdallah...
[2026-09-18T00:00:46.237+0000] {logging_mixin.py:188} INFO - Fetching weather data for: Tiflet...
[2026-09-18T00:00:46.759+0000] {logging_mixin.py:188} INFO - Fetching weather data for: Oulad Teïma...
[2026-09-18T00:00:47.264+0000] {logging_mixin.py:188} INFO - Fetching weather data for: Berkane...
[2026-09-18T00:00:47.798+0000] {logging_mixin.py:188} INFO - Fetching weather data for: Ain El Aouda...
[2026-09-18T00:00:48.286+0000] {logging_mixin.py:188} INFO - Fetching weather data for: Errachidia...
[2026-09-18T00:00:48.773+0000] {logging_mixin.py:188} INFO - Fetching weather data for: Al Fqih Ben Çalah...
[2026-09-18T00:00:49.257+0000] {logging_mixin.py:188} INFO - Fetching weather data for: Ad Darwa...
[2026-09-18T00:00:49.760+0000] {logging_mixin.py:188} INFO - Fetching weather data for: Martil...
[2026-09-18T00:00:50.262+0000] {logging_mixin.py:188} INFO - Fetching weather data for: Sidi Slimane...
[2026-09-18T00:00:50.759+0000] {logging_mixin.py:188} INFO - Fetching weather data for: Oued Zem...
[2026-09-18T00:00:51.207+0000] {logging_mixin.py:188} INFO - Fetching weather data for: Sefrou...
[2026-09-18T00:00:51.666+0000] {logging_mixin.py:188} INFO - Fetching weather data for: Taroudannt...
[2026-09-18T00:00:52.117+0000] {logging_mixin.py:188} INFO - Fetching weather data for: Essaouira...
[2026-09-18T00:00:52.577+0000] {logging_mixin.py:188} INFO - Fetching weather data for: Azrou...
[2026-09-18T00:00:53.031+0000] {logging_mixin.py:188} INFO - Fetching weather data for: Guercif...
[2026-09-18T00:00:53.495+0000] {logging_mixin.py:188} INFO - Fetching weather data for: Warzat...
[2026-09-18T00:00:53.942+0000] {logging_mixin.py:188} INFO - Fetching weather data for: Fnidq...
[2026-09-18T00:00:54.385+0000] {logging_mixin.py:188} INFO - Fetching weather data for: Tan-Tan...
[2026-09-18T00:00:54.854+0000] {logging_mixin.py:188} INFO - Fetching weather data for: Sidi Qacem...
[2026-09-18T00:00:55.288+0000] {logging_mixin.py:188} INFO - Fetching weather data for: M’diq...
[2026-09-18T00:00:55.721+0000] {logging_mixin.py:188} INFO - Fetching weather data for: Youssoufia...
[2026-09-18T00:00:56.156+0000] {logging_mixin.py:188} INFO - Fetching weather data for: Midalt...
[2026-09-18T00:00:56.589+0000] {logging_mixin.py:188} INFO - Fetching weather data for: Aïn Harrouda...
[2026-09-18T00:00:57.012+0000] {logging_mixin.py:188} INFO - Fetching weather data for: Souq Sebt Oulad Nemma...
[2026-09-18T00:00:57.432+0000] {logging_mixin.py:188} INFO - Fetching weather data for: Mehdya...
[2026-09-18T00:00:57.850+0000] {logging_mixin.py:188} INFO - Fetching weather data for: Ouezzane...
[2026-09-18T00:00:58.284+0000] {logging_mixin.py:188} INFO - Fetching weather data for: Semara...
[2026-09-18T00:00:58.697+0000] {logging_mixin.py:188} INFO - Fetching weather data for: Ait Ourir...
[2026-09-18T00:00:59.116+0000] {logging_mixin.py:188} INFO - Fetching weather data for: Oulad Tayeb...
[2026-09-18T00:00:59.543+0000] {logging_mixin.py:188} INFO - Fetching weather data for: Tit Mellil...
[2026-09-18T00:00:59.956+0000] {logging_mixin.py:188} INFO - Fetching weather data for: Sidi Bennour...
[2026-09-18T00:01:00.442+0000] {logging_mixin.py:188} INFO - Fetching weather data for: Temsia...
[2026-09-18T00:01:00.837+0000] {logging_mixin.py:188} INFO - Fetching weather data for: Biougra...
[2026-09-18T00:01:01.288+0000] {logging_mixin.py:188} INFO - Fetching weather data for: Al Hoceïma...
[2026-09-18T00:01:01.727+0000] {logging_mixin.py:188} INFO - Fetching weather data for: Qasbat Tadla...
[2026-09-18T00:01:02.160+0000] {logging_mixin.py:188} INFO - Fetching weather data for: Aziylal...
[2026-09-18T00:01:02.560+0000] {logging_mixin.py:188} INFO - Fetching weather data for: Boujad...
[2026-09-18T00:01:03.012+0000] {logging_mixin.py:188} INFO - Fetching weather data for: Al Aaroui...
[2026-09-18T00:01:03.439+0000] {logging_mixin.py:188} INFO - Fetching weather data for: Mrirt...
[2026-09-18T00:01:03.874+0000] {logging_mixin.py:188} INFO - Fetching weather data for: Tineghir...
[2026-09-18T00:01:04.320+0000] {logging_mixin.py:188} INFO - Fetching weather data for: Bouknadel...
[2026-09-18T00:01:04.798+0000] {logging_mixin.py:188} INFO - Fetching weather data for: Cabo Bojador...
[2026-09-18T00:01:05.233+0000] {logging_mixin.py:188} INFO - Fetching weather data for: Zagora...
[2026-09-18T00:01:05.655+0000] {logging_mixin.py:188} INFO - Fetching weather data for: Azemmour...
[2026-09-18T00:01:06.030+0000] {logging_mixin.py:188} INFO - Fetching weather data for: El Hajeb...
[2026-09-18T00:01:06.446+0000] {logging_mixin.py:188} INFO - Fetching weather data for: Jerada...
[2026-09-18T00:01:06.882+0000] {logging_mixin.py:188} INFO - Fetching weather data for: El Aïoun...
[2026-09-18T00:01:07.313+0000] {logging_mixin.py:188} INFO - Fetching weather data for: Tameslouht...
[2026-09-18T00:01:07.732+0000] {logging_mixin.py:188} INFO - Fetching weather data for: Sidi Yahia El Gharb...
[2026-09-18T00:01:08.161+0000] {logging_mixin.py:188} INFO - Fetching weather data for: Chichaoua...
[2026-09-18T00:01:08.621+0000] {logging_mixin.py:188} INFO - Fetching weather data for: Al ’Attawia...
[2026-09-18T00:01:09.060+0000] {logging_mixin.py:188} INFO - Fetching weather data for: Tabount...
[2026-09-18T00:01:09.504+0000] {logging_mixin.py:188} INFO - Fetching weather data for: Zaïo...
[2026-09-18T00:01:09.932+0000] {logging_mixin.py:188} INFO - Fetching weather data for: Aguelmous...
[2026-09-18T00:01:10.352+0000] {logging_mixin.py:188} INFO - Fetching weather data for: Asilah...
[2026-09-18T00:01:10.730+0000] {logging_mixin.py:188} INFO - Fetching weather data for: Imzouren...
[2026-09-18T00:01:11.155+0000] {logging_mixin.py:188} INFO - Fetching weather data for: Mediouna...
[2026-09-18T00:01:11.582+0000] {logging_mixin.py:188} INFO - Fetching weather data for: Demnat...
[2026-09-18T00:01:12.013+0000] {logging_mixin.py:188} INFO - Fetching weather data for: Aïn Taoujdat...
[2026-09-18T00:01:12.442+0000] {logging_mixin.py:188} INFO - Fetching weather data for: Sidi Smai’il...
[2026-09-18T00:01:12.876+0000] {logging_mixin.py:188} INFO - Fetching weather data for: Moulay Bousselham...
[2026-09-18T00:01:13.310+0000] {logging_mixin.py:188} INFO - Fetching weather data for: Mechraa Bel Ksiri...
[2026-09-18T00:01:13.750+0000] {logging_mixin.py:188} INFO - Fetching weather data for: Souk et Tnine Jorf el Mellah...
[2026-09-18T00:01:14.187+0000] {logging_mixin.py:188} INFO - Fetching weather data for: Zeghanghane...
[2026-09-18T00:01:14.628+0000] {logging_mixin.py:188} INFO - Fetching weather data for: Oulad Barhil...
[2026-09-18T00:01:15.001+0000] {logging_mixin.py:188} INFO - Fetching weather data for: Bir Jdid...
[2026-09-18T00:01:15.418+0000] {logging_mixin.py:188} INFO - Fetching weather data for: Bou Arfa...
[2026-09-18T00:01:15.843+0000] {logging_mixin.py:188} INFO - Fetching weather data for: Tahannawt...
[2026-09-18T00:01:16.273+0000] {logging_mixin.py:188} INFO - Fetching weather data for: Arfoud...
[2026-09-18T00:01:16.692+0000] {logging_mixin.py:188} INFO - Fetching weather data for: Tahla...
[2026-09-18T00:01:17.122+0000] {logging_mixin.py:188} INFO - Fetching weather data for: Missour...
[2026-09-18T00:01:17.559+0000] {logging_mixin.py:188} INFO - Fetching weather data for: Sidi Lmokhtar...
[2026-09-18T00:01:17.994+0000] {logging_mixin.py:188} INFO - Fetching weather data for: Douar Toulal...
[2026-09-18T00:01:18.412+0000] {logging_mixin.py:188} INFO - Fetching weather data for: Oulad Yaïch...
[2026-09-18T00:01:18.846+0000] {logging_mixin.py:188} INFO - Fetching weather data for: Zawyat ech Cheïkh...
[2026-09-18T00:01:19.290+0000] {logging_mixin.py:188} INFO - Fetching weather data for: Imi-n-Tanout...
[2026-09-18T00:01:19.736+0000] {logging_mixin.py:188} INFO - Fetching weather data for: Sebt Gzoula...
[2026-09-18T00:01:20.182+0000] {logging_mixin.py:188} INFO - Fetching weather data for: Tifariti...
[2026-09-18T00:01:20.695+0000] {logging_mixin.py:188} INFO - 
Extraction complete! 120 cities saved to /opt/***/data/bronze/raw_json/raw_weather_20260918_000120.json
[2026-09-18T00:01:20.697+0000] {python.py:237} INFO - Done. Returned value was: None
[2026-09-18T00:01:20.698+0000] {taskinstance.py:441} INFO - ::group::Post task execution logs
[2026-09-18T00:01:20.743+0000] {taskinstance.py:1206} INFO - Marking task as SUCCESS. dag_id=weather_pipeline, task_id=execute_extract, run_id=scheduled__2026-09-17T00:00:00+00:00, execution_date=20260917T000000, start_date=20260918T000019, end_date=20260918T000120
[2026-09-18T00:01:20.823+0000] {local_task_job_runner.py:240} INFO - Task exited with return code 0
[2026-09-18T00:01:20.914+0000] {taskinstance.py:3503} INFO - 1 downstream tasks scheduled from follow-on schedule check
[2026-09-18T00:01:20.920+0000] {local_task_job_runner.py:222} INFO - ::endgroup::
[2026-09-18T00:15:09.564+0000] {local_task_job_runner.py:120} INFO - ::group::Pre task execution logs
[2026-09-18T00:15:09.681+0000] {taskinstance.py:2076} INFO - Dependencies all met for dep_context=non-requeueable deps ti=<TaskInstance: weather_pipeline.execute_extract scheduled__2026-09-17T00:00:00+00:00 [queued]>
[2026-09-18T00:15:09.707+0000] {taskinstance.py:2076} INFO - Dependencies all met for dep_context=requeueable deps ti=<TaskInstance: weather_pipeline.execute_extract scheduled__2026-09-17T00:00:00+00:00 [queued]>
[2026-09-18T00:15:09.708+0000] {taskinstance.py:2306} INFO - Starting attempt 1 of 3
[2026-09-18T00:15:09.751+0000] {taskinstance.py:2330} INFO - Executing <Task(PythonOperator): execute_extract> on 2026-09-17 00:00:00+00:00
[2026-09-18T00:15:09.769+0000] {standard_task_runner.py:63} INFO - Started process 452 to run task
[2026-09-18T00:15:09.776+0000] {standard_task_runner.py:90} INFO - Running: ['***', 'tasks', 'run', 'weather_pipeline', 'execute_extract', 'scheduled__2026-09-17T00:00:00+00:00', '--job-id', '34', '--raw', '--subdir', 'DAGS_FOLDER/weather_pipeline.py', '--cfg-path', '/tmp/tmpgieoybg1']
[2026-09-18T00:15:09.781+0000] {standard_task_runner.py:91} INFO - Job 34: Subtask execute_extract
[2026-09-18T00:15:09.967+0000] {task_command.py:426} INFO - Running <TaskInstance: weather_pipeline.execute_extract scheduled__2026-09-17T00:00:00+00:00 [running]> on host bf60467b7be1
[2026-09-18T00:15:10.305+0000] {taskinstance.py:2648} INFO - Exporting env vars: AIRFLOW_CTX_DAG_OWNER='***' AIRFLOW_CTX_DAG_ID='weather_pipeline' AIRFLOW_CTX_TASK_ID='execute_extract' AIRFLOW_CTX_EXECUTION_DATE='2026-09-17T00:00:00+00:00' AIRFLOW_CTX_TRY_NUMBER='1' AIRFLOW_CTX_DAG_RUN_ID='scheduled__2026-09-17T00:00:00+00:00'
[2026-09-18T00:15:10.308+0000] {taskinstance.py:430} INFO - ::endgroup::
[2026-09-18T00:15:10.382+0000] {logging_mixin.py:188} INFO - Fetching weather data for: Casablanca...
[2026-09-18T00:15:10.882+0000] {logging_mixin.py:188} INFO - Fetching weather data for: Tangier...
[2026-09-18T00:15:11.311+0000] {logging_mixin.py:188} INFO - Fetching weather data for: Fès...
[2026-09-18T00:15:11.729+0000] {logging_mixin.py:188} INFO - Fetching weather data for: Marrakech...
[2026-09-18T00:15:12.128+0000] {logging_mixin.py:188} INFO - Fetching weather data for: Sale...
[2026-09-18T00:15:12.560+0000] {logging_mixin.py:188} INFO - Fetching weather data for: Meknès...
[2026-09-18T00:15:12.938+0000] {logging_mixin.py:188} INFO - Fetching weather data for: Rabat...
[2026-09-18T00:15:13.344+0000] {logging_mixin.py:188} INFO - Fetching weather data for: Agadir...
[2026-09-18T00:15:13.773+0000] {logging_mixin.py:188} INFO - Fetching weather data for: Kenitra...
[2026-09-18T00:15:14.238+0000] {logging_mixin.py:188} INFO - Fetching weather data for: Oujda-Angad...
[2026-09-18T00:15:14.671+0000] {logging_mixin.py:188} INFO - Fetching weather data for: Tétouan...
[2026-09-18T00:15:15.118+0000] {logging_mixin.py:188} INFO - Fetching weather data for: Safi...
[2026-09-18T00:15:15.577+0000] {logging_mixin.py:188} INFO - Fetching weather data for: Taourirt...
[2026-09-18T00:15:15.957+0000] {logging_mixin.py:188} INFO - Fetching weather data for: Temara...
[2026-09-18T00:15:16.373+0000] {logging_mixin.py:188} INFO - Fetching weather data for: Laâyoune...
[2026-09-18T00:15:16.951+0000] {logging_mixin.py:188} INFO - Fetching weather data for: El Jadid...
[2026-09-18T00:15:17.452+0000] {logging_mixin.py:188} INFO - Fetching weather data for: Ait Melloul...
[2026-09-18T00:15:17.903+0000] {logging_mixin.py:188} INFO - Fetching weather data for: Béni Mellal...
[2026-09-18T00:15:18.331+0000] {logging_mixin.py:188} INFO - Fetching weather data for: Bouskoura...
[2026-09-18T00:15:18.781+0000] {logging_mixin.py:188} INFO - Fetching weather data for: Tiznit...
[2026-09-18T00:15:19.208+0000] {logging_mixin.py:188} INFO - Fetching weather data for: Mohammedia...
[2026-09-18T00:15:19.682+0000] {logging_mixin.py:188} INFO - Fetching weather data for: Kouribga...
[2026-09-18T00:15:20.137+0000] {logging_mixin.py:188} INFO - Fetching weather data for: Settat...
[2026-09-18T00:15:20.627+0000] {logging_mixin.py:188} INFO - Fetching weather data for: Barrechid...
[2026-09-18T00:15:21.098+0000] {logging_mixin.py:188} INFO - Fetching weather data for: Ad Dakhla...
[2026-09-18T00:15:21.565+0000] {logging_mixin.py:188} INFO - Fetching weather data for: Nador...
[2026-09-18T00:15:22.028+0000] {logging_mixin.py:188} INFO - Fetching weather data for: Taza...
[2026-09-18T00:15:22.512+0000] {logging_mixin.py:188} INFO - Fetching weather data for: Inezgane...
[2026-09-18T00:15:23.043+0000] {logging_mixin.py:188} INFO - Fetching weather data for: Larache...
[2026-09-18T00:15:23.560+0000] {logging_mixin.py:188} INFO - Fetching weather data for: Al Khmissat...
[2026-09-18T00:15:24.012+0000] {logging_mixin.py:188} INFO - Fetching weather data for: Guelmim...
[2026-09-18T00:15:24.440+0000] {logging_mixin.py:188} INFO - Fetching weather data for: Ksar El Kebir...
[2026-09-18T00:15:24.882+0000] {logging_mixin.py:188} INFO - Fetching weather data for: Khénifra...
[2026-09-18T00:15:25.315+0000] {logging_mixin.py:188} INFO - Fetching weather data for: Skhirate...
[2026-09-18T00:15:25.741+0000] {logging_mixin.py:188} INFO - Fetching weather data for: Beni Yakhlef...
[2026-09-18T00:15:26.212+0000] {logging_mixin.py:188} INFO - Fetching weather data for: Sidi Yahya Zaer...
[2026-09-18T00:15:26.698+0000] {logging_mixin.py:188} INFO - Fetching weather data for: Ben Guerir...
[2026-09-18T00:15:27.141+0000] {logging_mixin.py:188} INFO - Fetching weather data for: Ait Ali...
[2026-09-18T00:15:27.541+0000] {logging_mixin.py:188} INFO - Fetching weather data for: My Drarga...
[2026-09-18T00:15:27.962+0000] {logging_mixin.py:188} INFO - Fetching weather data for: Lqoliaa...
[2026-09-18T00:15:28.418+0000] {logging_mixin.py:188} INFO - Fetching weather data for: El Kelaa des Srarhna...
[2026-09-18T00:15:28.922+0000] {logging_mixin.py:188} INFO - Fetching weather data for: Moulay Abdallah...
[2026-09-18T00:15:29.339+0000] {logging_mixin.py:188} INFO - Fetching weather data for: Tiflet...
[2026-09-18T00:15:29.751+0000] {logging_mixin.py:188} INFO - Fetching weather data for: Oulad Teïma...
[2026-09-18T00:15:30.283+0000] {logging_mixin.py:188} INFO - Fetching weather data for: Berkane...
[2026-09-18T00:15:30.732+0000] {logging_mixin.py:188} INFO - Fetching weather data for: Ain El Aouda...
[2026-09-18T00:15:31.202+0000] {logging_mixin.py:188} INFO - Fetching weather data for: Errachidia...
[2026-09-18T00:15:31.694+0000] {logging_mixin.py:188} INFO - Fetching weather data for: Al Fqih Ben Çalah...
[2026-09-18T00:15:32.109+0000] {logging_mixin.py:188} INFO - Fetching weather data for: Ad Darwa...
[2026-09-18T00:15:32.514+0000] {logging_mixin.py:188} INFO - Fetching weather data for: Martil...
[2026-09-18T00:15:32.911+0000] {logging_mixin.py:188} INFO - Fetching weather data for: Sidi Slimane...
[2026-09-18T00:15:33.336+0000] {logging_mixin.py:188} INFO - Fetching weather data for: Oued Zem...
[2026-09-18T00:15:33.795+0000] {logging_mixin.py:188} INFO - Fetching weather data for: Sefrou...
[2026-09-18T00:15:34.210+0000] {logging_mixin.py:188} INFO - Fetching weather data for: Taroudannt...
[2026-09-18T00:15:34.648+0000] {logging_mixin.py:188} INFO - Fetching weather data for: Essaouira...
[2026-09-18T00:15:35.095+0000] {logging_mixin.py:188} INFO - Fetching weather data for: Azrou...
[2026-09-18T00:15:35.513+0000] {logging_mixin.py:188} INFO - Fetching weather data for: Guercif...
[2026-09-18T00:15:35.942+0000] {logging_mixin.py:188} INFO - Fetching weather data for: Warzat...
[2026-09-18T00:15:36.441+0000] {logging_mixin.py:188} INFO - Fetching weather data for: Fnidq...
[2026-09-18T00:15:36.840+0000] {logging_mixin.py:188} INFO - Fetching weather data for: Tan-Tan...
[2026-09-18T00:15:37.279+0000] {logging_mixin.py:188} INFO - Fetching weather data for: Sidi Qacem...
[2026-09-18T00:15:37.722+0000] {logging_mixin.py:188} INFO - Fetching weather data for: M’diq...
[2026-09-18T00:15:38.162+0000] {logging_mixin.py:188} INFO - Fetching weather data for: Youssoufia...
[2026-09-18T00:15:38.607+0000] {logging_mixin.py:188} INFO - Fetching weather data for: Midalt...
[2026-09-18T00:15:39.038+0000] {logging_mixin.py:188} INFO - Fetching weather data for: Aïn Harrouda...
[2026-09-18T00:15:39.516+0000] {logging_mixin.py:188} INFO - Fetching weather data for: Souq Sebt Oulad Nemma...
[2026-09-18T00:15:40.014+0000] {logging_mixin.py:188} INFO - Fetching weather data for: Mehdya...
[2026-09-18T00:15:40.496+0000] {logging_mixin.py:188} INFO - Fetching weather data for: Ouezzane...
[2026-09-18T00:15:40.965+0000] {logging_mixin.py:188} INFO - Fetching weather data for: Semara...
[2026-09-18T00:15:41.442+0000] {logging_mixin.py:188} INFO - Fetching weather data for: Ait Ourir...
[2026-09-18T00:15:41.930+0000] {logging_mixin.py:188} INFO - Fetching weather data for: Oulad Tayeb...
[2026-09-18T00:15:42.451+0000] {logging_mixin.py:188} INFO - Fetching weather data for: Tit Mellil...
[2026-09-18T00:15:42.873+0000] {logging_mixin.py:188} INFO - Fetching weather data for: Sidi Bennour...
[2026-09-18T00:15:43.327+0000] {logging_mixin.py:188} INFO - Fetching weather data for: Temsia...
[2026-09-18T00:15:43.824+0000] {logging_mixin.py:188} INFO - Fetching weather data for: Biougra...
[2026-09-18T00:15:44.309+0000] {logging_mixin.py:188} INFO - Fetching weather data for: Al Hoceïma...
[2026-09-18T00:15:44.764+0000] {logging_mixin.py:188} INFO - Fetching weather data for: Qasbat Tadla...
[2026-09-18T00:15:45.219+0000] {logging_mixin.py:188} INFO - Fetching weather data for: Aziylal...
[2026-09-18T00:15:45.731+0000] {logging_mixin.py:188} INFO - Fetching weather data for: Boujad...
[2026-09-18T00:15:46.194+0000] {logging_mixin.py:188} INFO - Fetching weather data for: Al Aaroui...
[2026-09-18T00:15:46.665+0000] {logging_mixin.py:188} INFO - Fetching weather data for: Mrirt...
[2026-09-18T00:15:47.113+0000] {logging_mixin.py:188} INFO - Fetching weather data for: Tineghir...
[2026-09-18T00:15:47.644+0000] {logging_mixin.py:188} INFO - Fetching weather data for: Bouknadel...
[2026-09-18T00:15:48.337+0000] {logging_mixin.py:188} INFO - Fetching weather data for: Cabo Bojador...
[2026-09-18T00:15:49.563+0000] {logging_mixin.py:188} INFO - Fetching weather data for: Zagora...
[2026-09-18T00:15:50.367+0000] {logging_mixin.py:188} INFO - Fetching weather data for: Azemmour...
[2026-09-18T00:15:51.201+0000] {logging_mixin.py:188} INFO - Fetching weather data for: El Hajeb...
[2026-09-18T00:15:52.022+0000] {logging_mixin.py:188} INFO - Fetching weather data for: Jerada...
[2026-09-18T00:15:52.586+0000] {logging_mixin.py:188} INFO - Fetching weather data for: El Aïoun...
[2026-09-18T00:15:53.124+0000] {logging_mixin.py:188} INFO - Fetching weather data for: Tameslouht...
[2026-09-18T00:15:53.644+0000] {logging_mixin.py:188} INFO - Fetching weather data for: Sidi Yahia El Gharb...
[2026-09-18T00:15:54.089+0000] {logging_mixin.py:188} INFO - Fetching weather data for: Chichaoua...
[2026-09-18T00:15:54.563+0000] {logging_mixin.py:188} INFO - Fetching weather data for: Al ’Attawia...
[2026-09-18T00:15:55.172+0000] {logging_mixin.py:188} INFO - Fetching weather data for: Tabount...
[2026-09-18T00:15:55.634+0000] {logging_mixin.py:188} INFO - Fetching weather data for: Zaïo...
[2026-09-18T00:15:56.120+0000] {logging_mixin.py:188} INFO - Fetching weather data for: Aguelmous...
[2026-09-18T00:15:56.578+0000] {logging_mixin.py:188} INFO - Fetching weather data for: Asilah...
[2026-09-18T00:15:57.029+0000] {logging_mixin.py:188} INFO - Fetching weather data for: Imzouren...
[2026-09-18T00:15:57.513+0000] {logging_mixin.py:188} INFO - Fetching weather data for: Mediouna...
[2026-09-18T00:15:57.980+0000] {logging_mixin.py:188} INFO - Fetching weather data for: Demnat...
[2026-09-18T00:15:58.450+0000] {logging_mixin.py:188} INFO - Fetching weather data for: Aïn Taoujdat...
[2026-09-18T00:15:58.936+0000] {logging_mixin.py:188} INFO - Fetching weather data for: Sidi Smai’il...
[2026-09-18T00:15:59.407+0000] {logging_mixin.py:188} INFO - Fetching weather data for: Moulay Bousselham...
[2026-09-18T00:15:59.889+0000] {logging_mixin.py:188} INFO - Fetching weather data for: Mechraa Bel Ksiri...
[2026-09-18T00:16:00.395+0000] {logging_mixin.py:188} INFO - Fetching weather data for: Souk et Tnine Jorf el Mellah...
[2026-09-18T00:16:00.863+0000] {logging_mixin.py:188} INFO - Fetching weather data for: Zeghanghane...
[2026-09-18T00:16:01.371+0000] {logging_mixin.py:188} INFO - Fetching weather data for: Oulad Barhil...
[2026-09-18T00:16:01.847+0000] {logging_mixin.py:188} INFO - Fetching weather data for: Bir Jdid...
[2026-09-18T00:16:02.321+0000] {logging_mixin.py:188} INFO - Fetching weather data for: Bou Arfa...
[2026-09-18T00:16:02.781+0000] {logging_mixin.py:188} INFO - Fetching weather data for: Tahannawt...
[2026-09-18T00:16:03.286+0000] {logging_mixin.py:188} INFO - Fetching weather data for: Arfoud...
[2026-09-18T00:16:03.773+0000] {logging_mixin.py:188} INFO - Fetching weather data for: Tahla...
[2026-09-18T00:16:04.265+0000] {logging_mixin.py:188} INFO - Fetching weather data for: Missour...
[2026-09-18T00:16:04.727+0000] {logging_mixin.py:188} INFO - Fetching weather data for: Sidi Lmokhtar...
[2026-09-18T00:16:05.174+0000] {logging_mixin.py:188} INFO - Fetching weather data for: Douar Toulal...
[2026-09-18T00:16:05.634+0000] {logging_mixin.py:188} INFO - Fetching weather data for: Oulad Yaïch...
[2026-09-18T00:16:06.087+0000] {logging_mixin.py:188} INFO - Fetching weather data for: Zawyat ech Cheïkh...
[2026-09-18T00:16:36.379+0000] {logging_mixin.py:188} INFO - Error: Request timed out
[2026-09-18T00:16:36.380+0000] {logging_mixin.py:188} INFO - Fetching weather data for: Imi-n-Tanout...
[2026-09-18T00:16:36.836+0000] {logging_mixin.py:188} INFO - Fetching weather data for: Sebt Gzoula...
[2026-09-18T00:16:37.285+0000] {logging_mixin.py:188} INFO - Fetching weather data for: Tifariti...
[2026-09-18T00:16:37.816+0000] {logging_mixin.py:188} INFO - 
Extraction complete! 119 cities saved to /opt/***/data/bronze/raw_json/latest_raw_weather.json
[2026-09-18T00:16:37.817+0000] {python.py:237} INFO - Done. Returned value was: None
[2026-09-18T00:16:37.819+0000] {taskinstance.py:441} INFO - ::group::Post task execution logs
[2026-09-18T00:16:37.881+0000] {taskinstance.py:1206} INFO - Marking task as SUCCESS. dag_id=weather_pipeline, task_id=execute_extract, run_id=scheduled__2026-09-17T00:00:00+00:00, execution_date=20260917T000000, start_date=20260918T001509, end_date=20260918T001637
[2026-09-18T00:16:37.960+0000] {local_task_job_runner.py:240} INFO - Task exited with return code 0
[2026-09-18T00:16:38.060+0000] {taskinstance.py:3503} INFO - 1 downstream tasks scheduled from follow-on schedule check
[2026-09-18T00:16:38.066+0000] {local_task_job_runner.py:222} INFO - ::endgroup::
