[2026-09-18T00:01:26.575+0000] {local_task_job_runner.py:120} INFO - ::group::Pre task execution logs
[2026-09-18T00:01:26.625+0000] {taskinstance.py:2076} INFO - Dependencies all met for dep_context=non-requeueable deps ti=<TaskInstance: weather_pipeline.execute_transform scheduled__2026-09-17T00:00:00+00:00 [queued]>
[2026-09-18T00:01:26.638+0000] {taskinstance.py:2076} INFO - Dependencies all met for dep_context=requeueable deps ti=<TaskInstance: weather_pipeline.execute_transform scheduled__2026-09-17T00:00:00+00:00 [queued]>
[2026-09-18T00:01:26.638+0000] {taskinstance.py:2306} INFO - Starting attempt 1 of 3
[2026-09-18T00:01:26.656+0000] {taskinstance.py:2330} INFO - Executing <Task(PythonOperator): execute_transform> on 2026-09-17 00:00:00+00:00
[2026-09-18T00:01:26.664+0000] {standard_task_runner.py:63} INFO - Started process 381 to run task
[2026-09-18T00:01:26.668+0000] {standard_task_runner.py:90} INFO - Running: ['***', 'tasks', 'run', 'weather_pipeline', 'execute_transform', 'scheduled__2026-09-17T00:00:00+00:00', '--job-id', '32', '--raw', '--subdir', 'DAGS_FOLDER/weather_pipeline.py', '--cfg-path', '/tmp/tmpqnpqbmg3']
[2026-09-18T00:01:26.670+0000] {standard_task_runner.py:91} INFO - Job 32: Subtask execute_transform
[2026-09-18T00:01:26.750+0000] {task_command.py:426} INFO - Running <TaskInstance: weather_pipeline.execute_transform scheduled__2026-09-17T00:00:00+00:00 [running]> on host bf60467b7be1
[2026-09-18T00:01:26.918+0000] {taskinstance.py:2648} INFO - Exporting env vars: AIRFLOW_CTX_DAG_OWNER='***' AIRFLOW_CTX_DAG_ID='weather_pipeline' AIRFLOW_CTX_TASK_ID='execute_transform' AIRFLOW_CTX_EXECUTION_DATE='2026-09-17T00:00:00+00:00' AIRFLOW_CTX_TRY_NUMBER='1' AIRFLOW_CTX_DAG_RUN_ID='scheduled__2026-09-17T00:00:00+00:00'
[2026-09-18T00:01:26.919+0000] {taskinstance.py:430} INFO - ::endgroup::
[2026-09-18T00:01:27.026+0000] {logging_mixin.py:188} INFO - Data transformed successfully!
[2026-09-18T00:01:27.027+0000] {python.py:237} INFO - Done. Returned value was: None
[2026-09-18T00:01:27.027+0000] {taskinstance.py:441} INFO - ::group::Post task execution logs
[2026-09-18T00:01:27.046+0000] {taskinstance.py:1206} INFO - Marking task as SUCCESS. dag_id=weather_pipeline, task_id=execute_transform, run_id=scheduled__2026-09-17T00:00:00+00:00, execution_date=20260917T000000, start_date=20260918T000126, end_date=20260918T000127
[2026-09-18T00:01:27.081+0000] {local_task_job_runner.py:240} INFO - Task exited with return code 0
[2026-09-18T00:01:27.114+0000] {taskinstance.py:3503} INFO - 1 downstream tasks scheduled from follow-on schedule check
[2026-09-18T00:01:27.118+0000] {local_task_job_runner.py:222} INFO - ::endgroup::
[2026-09-18T00:16:51.717+0000] {local_task_job_runner.py:120} INFO - ::group::Pre task execution logs
[2026-09-18T00:16:51.831+0000] {taskinstance.py:2076} INFO - Dependencies all met for dep_context=non-requeueable deps ti=<TaskInstance: weather_pipeline.execute_transform scheduled__2026-09-17T00:00:00+00:00 [queued]>
[2026-09-18T00:16:51.863+0000] {taskinstance.py:2076} INFO - Dependencies all met for dep_context=requeueable deps ti=<TaskInstance: weather_pipeline.execute_transform scheduled__2026-09-17T00:00:00+00:00 [queued]>
[2026-09-18T00:16:51.865+0000] {taskinstance.py:2306} INFO - Starting attempt 1 of 3
[2026-09-18T00:16:51.919+0000] {taskinstance.py:2330} INFO - Executing <Task(PythonOperator): execute_transform> on 2026-09-17 00:00:00+00:00
[2026-09-18T00:16:51.934+0000] {standard_task_runner.py:63} INFO - Started process 470 to run task
[2026-09-18T00:16:51.945+0000] {standard_task_runner.py:90} INFO - Running: ['***', 'tasks', 'run', 'weather_pipeline', 'execute_transform', 'scheduled__2026-09-17T00:00:00+00:00', '--job-id', '35', '--raw', '--subdir', 'DAGS_FOLDER/weather_pipeline.py', '--cfg-path', '/tmp/tmpqjsbt3o4']
[2026-09-18T00:16:51.950+0000] {standard_task_runner.py:91} INFO - Job 35: Subtask execute_transform
[2026-09-18T00:16:52.149+0000] {task_command.py:426} INFO - Running <TaskInstance: weather_pipeline.execute_transform scheduled__2026-09-17T00:00:00+00:00 [running]> on host bf60467b7be1
[2026-09-18T00:16:52.504+0000] {taskinstance.py:2648} INFO - Exporting env vars: AIRFLOW_CTX_DAG_OWNER='***' AIRFLOW_CTX_DAG_ID='weather_pipeline' AIRFLOW_CTX_TASK_ID='execute_transform' AIRFLOW_CTX_EXECUTION_DATE='2026-09-17T00:00:00+00:00' AIRFLOW_CTX_TRY_NUMBER='1' AIRFLOW_CTX_DAG_RUN_ID='scheduled__2026-09-17T00:00:00+00:00'
[2026-09-18T00:16:52.507+0000] {taskinstance.py:430} INFO - ::endgroup::
[2026-09-18T00:16:52.704+0000] {logging_mixin.py:188} INFO - Data transformed successfully!
[2026-09-18T00:16:52.705+0000] {python.py:237} INFO - Done. Returned value was: None
[2026-09-18T00:16:52.707+0000] {taskinstance.py:441} INFO - ::group::Post task execution logs
[2026-09-18T00:16:52.758+0000] {taskinstance.py:1206} INFO - Marking task as SUCCESS. dag_id=weather_pipeline, task_id=execute_transform, run_id=scheduled__2026-09-17T00:00:00+00:00, execution_date=20260917T000000, start_date=20260918T001651, end_date=20260918T001652
[2026-09-18T00:16:52.841+0000] {local_task_job_runner.py:240} INFO - Task exited with return code 0
[2026-09-18T00:16:52.946+0000] {taskinstance.py:3503} INFO - 1 downstream tasks scheduled from follow-on schedule check
[2026-09-18T00:16:52.952+0000] {local_task_job_runner.py:222} INFO - ::endgroup::
