[2026-09-17T23:33:01.966+0000] {local_task_job_runner.py:120} INFO - ::group::Pre task execution logs
[2026-09-17T23:33:02.024+0000] {taskinstance.py:2076} INFO - Dependencies all met for dep_context=non-requeueable deps ti=<TaskInstance: weather_pipeline.execute_extract manual__2026-09-17T23:32:55.398220+00:00 [queued]>
[2026-09-17T23:33:02.036+0000] {taskinstance.py:2076} INFO - Dependencies all met for dep_context=requeueable deps ti=<TaskInstance: weather_pipeline.execute_extract manual__2026-09-17T23:32:55.398220+00:00 [queued]>
[2026-09-17T23:33:02.037+0000] {taskinstance.py:2306} INFO - Starting attempt 1 of 3
[2026-09-17T23:33:02.056+0000] {taskinstance.py:2330} INFO - Executing <Task(PythonOperator): execute_extract> on 2026-09-17 23:32:55.398220+00:00
[2026-09-17T23:33:02.063+0000] {standard_task_runner.py:63} INFO - Started process 131 to run task
[2026-09-17T23:33:02.066+0000] {standard_task_runner.py:90} INFO - Running: ['***', 'tasks', 'run', 'weather_pipeline', 'execute_extract', 'manual__2026-09-17T23:32:55.398220+00:00', '--job-id', '18', '--raw', '--subdir', 'DAGS_FOLDER/weather_pipeline.py', '--cfg-path', '/tmp/tmp6x_9s_dj']
[2026-09-17T23:33:02.069+0000] {standard_task_runner.py:91} INFO - Job 18: Subtask execute_extract
[2026-09-17T23:33:02.167+0000] {task_command.py:426} INFO - Running <TaskInstance: weather_pipeline.execute_extract manual__2026-09-17T23:32:55.398220+00:00 [running]> on host bf60467b7be1
[2026-09-17T23:33:02.438+0000] {taskinstance.py:2648} INFO - Exporting env vars: AIRFLOW_CTX_DAG_OWNER='***' AIRFLOW_CTX_DAG_ID='weather_pipeline' AIRFLOW_CTX_TASK_ID='execute_extract' AIRFLOW_CTX_EXECUTION_DATE='2026-09-17T23:32:55.398220+00:00' AIRFLOW_CTX_TRY_NUMBER='1' AIRFLOW_CTX_DAG_RUN_ID='manual__2026-09-17T23:32:55.398220+00:00'
[2026-09-17T23:33:02.439+0000] {taskinstance.py:430} INFO - ::endgroup::
[2026-09-17T23:33:02.499+0000] {logging_mixin.py:188} INFO - Fetching weather data for: Casablanca...
[2026-09-17T23:33:02.947+0000] {logging_mixin.py:188} INFO - Fetching weather data for: Tangier...
[2026-09-17T23:33:03.342+0000] {logging_mixin.py:188} INFO - Fetching weather data for: Fès...
[2026-09-17T23:33:03.710+0000] {logging_mixin.py:188} INFO - Fetching weather data for: Marrakech...
[2026-09-17T23:33:04.077+0000] {logging_mixin.py:188} INFO - Fetching weather data for: Sale...
[2026-09-17T23:33:04.428+0000] {logging_mixin.py:188} INFO - Fetching weather data for: Meknès...
[2026-09-17T23:33:04.780+0000] {logging_mixin.py:188} INFO - Fetching weather data for: Rabat...
[2026-09-17T23:33:05.165+0000] {logging_mixin.py:188} INFO - Fetching weather data for: Agadir...
[2026-09-17T23:33:05.635+0000] {logging_mixin.py:188} INFO - Fetching weather data for: Kenitra...
[2026-09-17T23:33:06.291+0000] {logging_mixin.py:188} INFO - Fetching weather data for: Oujda-Angad...
[2026-09-17T23:33:06.842+0000] {logging_mixin.py:188} INFO - Fetching weather data for: Tétouan...
[2026-09-17T23:33:07.249+0000] {logging_mixin.py:188} INFO - Fetching weather data for: Safi...
[2026-09-17T23:33:07.641+0000] {logging_mixin.py:188} INFO - Fetching weather data for: Taourirt...
[2026-09-17T23:33:08.020+0000] {logging_mixin.py:188} INFO - Fetching weather data for: Temara...
[2026-09-17T23:33:08.377+0000] {logging_mixin.py:188} INFO - Fetching weather data for: Laâyoune...
[2026-09-17T23:33:08.739+0000] {logging_mixin.py:188} INFO - Fetching weather data for: El Jadid...
[2026-09-17T23:33:09.100+0000] {logging_mixin.py:188} INFO - Fetching weather data for: Ait Melloul...
[2026-09-17T23:33:09.500+0000] {logging_mixin.py:188} INFO - Fetching weather data for: Béni Mellal...
[2026-09-17T23:33:09.888+0000] {logging_mixin.py:188} INFO - Fetching weather data for: Bouskoura...
[2026-09-17T23:33:10.295+0000] {logging_mixin.py:188} INFO - Fetching weather data for: Tiznit...
[2026-09-17T23:33:10.689+0000] {logging_mixin.py:188} INFO - Fetching weather data for: Mohammedia...
[2026-09-17T23:33:11.132+0000] {logging_mixin.py:188} INFO - Fetching weather data for: Kouribga...
[2026-09-17T23:33:11.504+0000] {logging_mixin.py:188} INFO - Fetching weather data for: Settat...
[2026-09-17T23:33:11.891+0000] {logging_mixin.py:188} INFO - Fetching weather data for: Barrechid...
[2026-09-17T23:33:12.276+0000] {logging_mixin.py:188} INFO - Fetching weather data for: Ad Dakhla...
[2026-09-17T23:33:12.653+0000] {logging_mixin.py:188} INFO - Fetching weather data for: Nador...
[2026-09-17T23:33:13.013+0000] {logging_mixin.py:188} INFO - Fetching weather data for: Taza...
[2026-09-17T23:33:13.367+0000] {logging_mixin.py:188} INFO - Fetching weather data for: Inezgane...
[2026-09-17T23:33:13.733+0000] {logging_mixin.py:188} INFO - Fetching weather data for: Larache...
[2026-09-17T23:33:14.103+0000] {logging_mixin.py:188} INFO - Fetching weather data for: Al Khmissat...
[2026-09-17T23:33:14.483+0000] {logging_mixin.py:188} INFO - Fetching weather data for: Guelmim...
[2026-09-17T23:33:14.882+0000] {logging_mixin.py:188} INFO - Fetching weather data for: Ksar El Kebir...
[2026-09-17T23:33:15.232+0000] {logging_mixin.py:188} INFO - Fetching weather data for: Khénifra...
[2026-09-17T23:33:15.584+0000] {logging_mixin.py:188} INFO - Fetching weather data for: Skhirate...
[2026-09-17T23:33:15.951+0000] {logging_mixin.py:188} INFO - Fetching weather data for: Beni Yakhlef...
[2026-09-17T23:33:16.303+0000] {logging_mixin.py:188} INFO - Fetching weather data for: Sidi Yahya Zaer...
[2026-09-17T23:33:16.671+0000] {logging_mixin.py:188} INFO - Fetching weather data for: Ben Guerir...
[2026-09-17T23:33:17.022+0000] {logging_mixin.py:188} INFO - Fetching weather data for: Ait Ali...
[2026-09-17T23:33:17.433+0000] {logging_mixin.py:188} INFO - Fetching weather data for: My Drarga...
[2026-09-17T23:33:17.803+0000] {logging_mixin.py:188} INFO - Fetching weather data for: Lqoliaa...
[2026-09-17T23:33:18.178+0000] {logging_mixin.py:188} INFO - Fetching weather data for: El Kelaa des Srarhna...
[2026-09-17T23:33:18.560+0000] {logging_mixin.py:188} INFO - Fetching weather data for: Moulay Abdallah...
[2026-09-17T23:33:18.927+0000] {logging_mixin.py:188} INFO - Fetching weather data for: Tiflet...
[2026-09-17T23:33:19.282+0000] {logging_mixin.py:188} INFO - Fetching weather data for: Oulad Teïma...
[2026-09-17T23:33:19.636+0000] {logging_mixin.py:188} INFO - Fetching weather data for: Berkane...
[2026-09-17T23:33:20.006+0000] {logging_mixin.py:188} INFO - Fetching weather data for: Ain El Aouda...
[2026-09-17T23:33:20.375+0000] {logging_mixin.py:188} INFO - Fetching weather data for: Errachidia...
[2026-09-17T23:33:20.742+0000] {logging_mixin.py:188} INFO - Fetching weather data for: Al Fqih Ben Çalah...
[2026-09-17T23:33:21.108+0000] {logging_mixin.py:188} INFO - Fetching weather data for: Ad Darwa...
[2026-09-17T23:33:21.458+0000] {logging_mixin.py:188} INFO - Fetching weather data for: Martil...
[2026-09-17T23:33:21.811+0000] {logging_mixin.py:188} INFO - Fetching weather data for: Sidi Slimane...
[2026-09-17T23:33:22.162+0000] {logging_mixin.py:188} INFO - Fetching weather data for: Oued Zem...
[2026-09-17T23:33:22.528+0000] {logging_mixin.py:188} INFO - Fetching weather data for: Sefrou...
[2026-09-17T23:33:22.879+0000] {logging_mixin.py:188} INFO - Fetching weather data for: Taroudannt...
[2026-09-17T23:33:23.245+0000] {logging_mixin.py:188} INFO - Fetching weather data for: Essaouira...
[2026-09-17T23:33:23.629+0000] {logging_mixin.py:188} INFO - Fetching weather data for: Azrou...
[2026-09-17T23:33:23.997+0000] {logging_mixin.py:188} INFO - Fetching weather data for: Guercif...
[2026-09-17T23:33:24.370+0000] {logging_mixin.py:188} INFO - Fetching weather data for: Warzat...
[2026-09-17T23:33:24.747+0000] {logging_mixin.py:188} INFO - Fetching weather data for: Fnidq...
[2026-09-17T23:33:25.125+0000] {logging_mixin.py:188} INFO - Fetching weather data for: Tan-Tan...
[2026-09-17T23:33:25.497+0000] {logging_mixin.py:188} INFO - Fetching weather data for: Sidi Qacem...
[2026-09-17T23:33:25.873+0000] {logging_mixin.py:188} INFO - Fetching weather data for: M’diq...
[2026-09-17T23:33:26.245+0000] {logging_mixin.py:188} INFO - Fetching weather data for: Youssoufia...
[2026-09-17T23:33:26.656+0000] {logging_mixin.py:188} INFO - Fetching weather data for: Midalt...
[2026-09-17T23:33:27.094+0000] {logging_mixin.py:188} INFO - Fetching weather data for: Aïn Harrouda...
[2026-09-17T23:33:27.466+0000] {logging_mixin.py:188} INFO - Fetching weather data for: Souq Sebt Oulad Nemma...
[2026-09-17T23:33:27.819+0000] {logging_mixin.py:188} INFO - Fetching weather data for: Mehdya...
[2026-09-17T23:33:28.168+0000] {logging_mixin.py:188} INFO - Fetching weather data for: Ouezzane...
[2026-09-17T23:33:28.540+0000] {logging_mixin.py:188} INFO - Fetching weather data for: Semara...
[2026-09-17T23:33:29.165+0000] {logging_mixin.py:188} INFO - Fetching weather data for: Ait Ourir...
[2026-09-17T23:33:29.556+0000] {logging_mixin.py:188} INFO - Fetching weather data for: Oulad Tayeb...
[2026-09-17T23:33:29.937+0000] {logging_mixin.py:188} INFO - Fetching weather data for: Tit Mellil...
[2026-09-17T23:33:30.325+0000] {logging_mixin.py:188} INFO - Fetching weather data for: Sidi Bennour...
[2026-09-17T23:33:30.695+0000] {logging_mixin.py:188} INFO - Fetching weather data for: Temsia...
[2026-09-17T23:33:31.073+0000] {logging_mixin.py:188} INFO - Fetching weather data for: Biougra...
[2026-09-17T23:33:31.446+0000] {logging_mixin.py:188} INFO - Fetching weather data for: Al Hoceïma...
[2026-09-17T23:33:31.827+0000] {logging_mixin.py:188} INFO - Fetching weather data for: Qasbat Tadla...
[2026-09-17T23:33:32.258+0000] {logging_mixin.py:188} INFO - Fetching weather data for: Aziylal...
[2026-09-17T23:33:32.645+0000] {logging_mixin.py:188} INFO - Fetching weather data for: Boujad...
[2026-09-17T23:33:33.134+0000] {logging_mixin.py:188} INFO - Fetching weather data for: Al Aaroui...
[2026-09-17T23:33:33.503+0000] {logging_mixin.py:188} INFO - Fetching weather data for: Mrirt...
[2026-09-17T23:33:33.873+0000] {logging_mixin.py:188} INFO - Fetching weather data for: Tineghir...
[2026-09-17T23:33:34.242+0000] {logging_mixin.py:188} INFO - Fetching weather data for: Bouknadel...
[2026-09-17T23:33:34.676+0000] {logging_mixin.py:188} INFO - Fetching weather data for: Cabo Bojador...
[2026-09-17T23:33:35.048+0000] {logging_mixin.py:188} INFO - Fetching weather data for: Zagora...
[2026-09-17T23:33:35.438+0000] {logging_mixin.py:188} INFO - Fetching weather data for: Azemmour...
[2026-09-17T23:33:35.865+0000] {logging_mixin.py:188} INFO - Fetching weather data for: El Hajeb...
[2026-09-17T23:33:36.312+0000] {logging_mixin.py:188} INFO - Fetching weather data for: Jerada...
[2026-09-17T23:33:36.755+0000] {logging_mixin.py:188} INFO - Fetching weather data for: El Aïoun...
[2026-09-17T23:33:37.160+0000] {logging_mixin.py:188} INFO - Fetching weather data for: Tameslouht...
[2026-09-17T23:33:37.565+0000] {logging_mixin.py:188} INFO - Fetching weather data for: Sidi Yahia El Gharb...
[2026-09-17T23:33:37.978+0000] {logging_mixin.py:188} INFO - Fetching weather data for: Chichaoua...
[2026-09-17T23:33:38.392+0000] {logging_mixin.py:188} INFO - Fetching weather data for: Al ’Attawia...
[2026-09-17T23:33:38.871+0000] {logging_mixin.py:188} INFO - Fetching weather data for: Tabount...
[2026-09-17T23:33:39.304+0000] {logging_mixin.py:188} INFO - Fetching weather data for: Zaïo...
[2026-09-17T23:33:39.657+0000] {logging_mixin.py:188} INFO - Fetching weather data for: Aguelmous...
[2026-09-17T23:33:40.032+0000] {logging_mixin.py:188} INFO - Fetching weather data for: Asilah...
[2026-09-17T23:33:40.393+0000] {logging_mixin.py:188} INFO - Fetching weather data for: Imzouren...
[2026-09-17T23:33:40.760+0000] {logging_mixin.py:188} INFO - Fetching weather data for: Mediouna...
[2026-09-17T23:33:41.111+0000] {logging_mixin.py:188} INFO - Fetching weather data for: Demnat...
[2026-09-17T23:33:41.461+0000] {logging_mixin.py:188} INFO - Fetching weather data for: Aïn Taoujdat...
[2026-09-17T23:33:41.836+0000] {logging_mixin.py:188} INFO - Fetching weather data for: Sidi Smai’il...
[2026-09-17T23:33:42.306+0000] {logging_mixin.py:188} INFO - Fetching weather data for: Moulay Bousselham...
[2026-09-17T23:33:42.666+0000] {logging_mixin.py:188} INFO - Fetching weather data for: Mechraa Bel Ksiri...
[2026-09-17T23:33:43.078+0000] {logging_mixin.py:188} INFO - Fetching weather data for: Souk et Tnine Jorf el Mellah...
[2026-09-17T23:33:43.488+0000] {logging_mixin.py:188} INFO - Fetching weather data for: Zeghanghane...
[2026-09-17T23:33:43.864+0000] {logging_mixin.py:188} INFO - Fetching weather data for: Oulad Barhil...
[2026-09-17T23:33:44.240+0000] {logging_mixin.py:188} INFO - Fetching weather data for: Bir Jdid...
[2026-09-17T23:33:44.644+0000] {logging_mixin.py:188} INFO - Fetching weather data for: Bou Arfa...
[2026-09-17T23:33:45.050+0000] {logging_mixin.py:188} INFO - Fetching weather data for: Tahannawt...
[2026-09-17T23:33:45.478+0000] {logging_mixin.py:188} INFO - Fetching weather data for: Arfoud...
[2026-09-17T23:33:45.907+0000] {logging_mixin.py:188} INFO - Fetching weather data for: Tahla...
[2026-09-17T23:33:46.351+0000] {logging_mixin.py:188} INFO - Fetching weather data for: Missour...
[2026-09-17T23:33:46.843+0000] {logging_mixin.py:188} INFO - Fetching weather data for: Sidi Lmokhtar...
[2026-09-17T23:33:47.221+0000] {logging_mixin.py:188} INFO - Fetching weather data for: Douar Toulal...
[2026-09-17T23:33:47.614+0000] {logging_mixin.py:188} INFO - Fetching weather data for: Oulad Yaïch...
[2026-09-17T23:33:48.029+0000] {logging_mixin.py:188} INFO - Fetching weather data for: Zawyat ech Cheïkh...
[2026-09-17T23:33:48.395+0000] {logging_mixin.py:188} INFO - Fetching weather data for: Imi-n-Tanout...
[2026-09-17T23:33:48.751+0000] {logging_mixin.py:188} INFO - Fetching weather data for: Sebt Gzoula...
[2026-09-17T23:33:49.139+0000] {logging_mixin.py:188} INFO - Fetching weather data for: Tifariti...
[2026-09-17T23:33:49.519+0000] {logging_mixin.py:188} INFO - 
Extraction complete! 120 cities saved to /opt/***/data/bronze/raw_json/raw_weather_20260917_233349.json
[2026-09-17T23:33:49.520+0000] {python.py:237} INFO - Done. Returned value was: None
[2026-09-17T23:33:49.520+0000] {taskinstance.py:441} INFO - ::group::Post task execution logs
[2026-09-17T23:33:49.539+0000] {taskinstance.py:1206} INFO - Marking task as SUCCESS. dag_id=weather_pipeline, task_id=execute_extract, run_id=manual__2026-09-17T23:32:55.398220+00:00, execution_date=20260917T233255, start_date=20260917T233302, end_date=20260917T233349
[2026-09-17T23:33:49.608+0000] {local_task_job_runner.py:240} INFO - Task exited with return code 0
[2026-09-17T23:33:49.648+0000] {taskinstance.py:3503} INFO - 1 downstream tasks scheduled from follow-on schedule check
[2026-09-17T23:33:49.651+0000] {local_task_job_runner.py:222} INFO - ::endgroup::
