[2026-09-17T23:44:22.198+0000] {local_task_job_runner.py:120} INFO - ::group::Pre task execution logs
[2026-09-17T23:44:22.256+0000] {taskinstance.py:2076} INFO - Dependencies all met for dep_context=non-requeueable deps ti=<TaskInstance: weather_pipeline.execute_extract manual__2026-09-17T23:35:44.139306+00:00 [queued]>
[2026-09-17T23:44:22.269+0000] {taskinstance.py:2076} INFO - Dependencies all met for dep_context=requeueable deps ti=<TaskInstance: weather_pipeline.execute_extract manual__2026-09-17T23:35:44.139306+00:00 [queued]>
[2026-09-17T23:44:22.270+0000] {taskinstance.py:2306} INFO - Starting attempt 1 of 3
[2026-09-17T23:44:22.297+0000] {taskinstance.py:2330} INFO - Executing <Task(PythonOperator): execute_extract> on 2026-09-17 23:35:44.139306+00:00
[2026-09-17T23:44:22.309+0000] {standard_task_runner.py:63} INFO - Started process 225 to run task
[2026-09-17T23:44:22.322+0000] {standard_task_runner.py:90} INFO - Running: ['***', 'tasks', 'run', 'weather_pipeline', 'execute_extract', 'manual__2026-09-17T23:35:44.139306+00:00', '--job-id', '23', '--raw', '--subdir', 'DAGS_FOLDER/weather_pipeline.py', '--cfg-path', '/tmp/tmp8w8xmaxo']
[2026-09-17T23:44:22.325+0000] {standard_task_runner.py:91} INFO - Job 23: Subtask execute_extract
[2026-09-17T23:44:22.483+0000] {task_command.py:426} INFO - Running <TaskInstance: weather_pipeline.execute_extract manual__2026-09-17T23:35:44.139306+00:00 [running]> on host bf60467b7be1
[2026-09-17T23:44:22.673+0000] {taskinstance.py:2648} INFO - Exporting env vars: AIRFLOW_CTX_DAG_OWNER='***' AIRFLOW_CTX_DAG_ID='weather_pipeline' AIRFLOW_CTX_TASK_ID='execute_extract' AIRFLOW_CTX_EXECUTION_DATE='2026-09-17T23:35:44.139306+00:00' AIRFLOW_CTX_TRY_NUMBER='1' AIRFLOW_CTX_DAG_RUN_ID='manual__2026-09-17T23:35:44.139306+00:00'
[2026-09-17T23:44:22.674+0000] {taskinstance.py:430} INFO - ::endgroup::
[2026-09-17T23:44:22.702+0000] {logging_mixin.py:188} INFO - Fetching weather data for: Casablanca...
[2026-09-17T23:44:23.190+0000] {logging_mixin.py:188} INFO - Fetching weather data for: Tangier...
[2026-09-17T23:44:23.588+0000] {logging_mixin.py:188} INFO - Fetching weather data for: Fès...
[2026-09-17T23:44:23.973+0000] {logging_mixin.py:188} INFO - Fetching weather data for: Marrakech...
[2026-09-17T23:44:24.385+0000] {logging_mixin.py:188} INFO - Fetching weather data for: Sale...
[2026-09-17T23:44:24.806+0000] {logging_mixin.py:188} INFO - Fetching weather data for: Meknès...
[2026-09-17T23:44:25.212+0000] {logging_mixin.py:188} INFO - Fetching weather data for: Rabat...
[2026-09-17T23:44:25.691+0000] {logging_mixin.py:188} INFO - Fetching weather data for: Agadir...
[2026-09-17T23:44:26.051+0000] {logging_mixin.py:188} INFO - Fetching weather data for: Kenitra...
[2026-09-17T23:44:26.431+0000] {logging_mixin.py:188} INFO - Fetching weather data for: Oujda-Angad...
[2026-09-17T23:44:26.809+0000] {logging_mixin.py:188} INFO - Fetching weather data for: Tétouan...
[2026-09-17T23:44:27.161+0000] {logging_mixin.py:188} INFO - Fetching weather data for: Safi...
[2026-09-17T23:44:27.558+0000] {logging_mixin.py:188} INFO - Fetching weather data for: Taourirt...
[2026-09-17T23:44:27.910+0000] {logging_mixin.py:188} INFO - Fetching weather data for: Temara...
[2026-09-17T23:44:28.263+0000] {logging_mixin.py:188} INFO - Fetching weather data for: Laâyoune...
[2026-09-17T23:44:28.620+0000] {logging_mixin.py:188} INFO - Fetching weather data for: El Jadid...
[2026-09-17T23:44:28.997+0000] {logging_mixin.py:188} INFO - Fetching weather data for: Ait Melloul...
[2026-09-17T23:44:29.399+0000] {logging_mixin.py:188} INFO - Fetching weather data for: Béni Mellal...
[2026-09-17T23:44:29.797+0000] {logging_mixin.py:188} INFO - Fetching weather data for: Bouskoura...
[2026-09-17T23:44:30.246+0000] {logging_mixin.py:188} INFO - Fetching weather data for: Tiznit...
[2026-09-17T23:44:30.648+0000] {logging_mixin.py:188} INFO - Fetching weather data for: Mohammedia...
[2026-09-17T23:44:31.018+0000] {logging_mixin.py:188} INFO - Fetching weather data for: Kouribga...
[2026-09-17T23:44:31.385+0000] {logging_mixin.py:188} INFO - Fetching weather data for: Settat...
[2026-09-17T23:44:31.833+0000] {logging_mixin.py:188} INFO - Fetching weather data for: Barrechid...
[2026-09-17T23:44:32.230+0000] {logging_mixin.py:188} INFO - Fetching weather data for: Ad Dakhla...
[2026-09-17T23:44:32.703+0000] {logging_mixin.py:188} INFO - Fetching weather data for: Nador...
[2026-09-17T23:44:33.149+0000] {logging_mixin.py:188} INFO - Fetching weather data for: Taza...
[2026-09-17T23:44:33.607+0000] {logging_mixin.py:188} INFO - Fetching weather data for: Inezgane...
[2026-09-17T23:44:34.138+0000] {logging_mixin.py:188} INFO - Fetching weather data for: Larache...
[2026-09-17T23:44:34.601+0000] {logging_mixin.py:188} INFO - Fetching weather data for: Al Khmissat...
[2026-09-17T23:44:35.028+0000] {logging_mixin.py:188} INFO - Fetching weather data for: Guelmim...
[2026-09-17T23:44:35.492+0000] {logging_mixin.py:188} INFO - Fetching weather data for: Ksar El Kebir...
[2026-09-17T23:44:35.946+0000] {logging_mixin.py:188} INFO - Fetching weather data for: Khénifra...
[2026-09-17T23:44:36.378+0000] {logging_mixin.py:188} INFO - Fetching weather data for: Skhirate...
[2026-09-17T23:44:36.767+0000] {logging_mixin.py:188} INFO - Fetching weather data for: Beni Yakhlef...
[2026-09-17T23:44:37.141+0000] {logging_mixin.py:188} INFO - Fetching weather data for: Sidi Yahya Zaer...
[2026-09-17T23:44:37.582+0000] {logging_mixin.py:188} INFO - Fetching weather data for: Ben Guerir...
[2026-09-17T23:44:37.985+0000] {logging_mixin.py:188} INFO - Fetching weather data for: Ait Ali...
[2026-09-17T23:44:38.355+0000] {logging_mixin.py:188} INFO - Fetching weather data for: My Drarga...
[2026-09-17T23:44:38.802+0000] {logging_mixin.py:188} INFO - Fetching weather data for: Lqoliaa...
[2026-09-17T23:44:39.195+0000] {logging_mixin.py:188} INFO - Fetching weather data for: El Kelaa des Srarhna...
[2026-09-17T23:44:39.602+0000] {logging_mixin.py:188} INFO - Fetching weather data for: Moulay Abdallah...
[2026-09-17T23:44:40.087+0000] {logging_mixin.py:188} INFO - Fetching weather data for: Tiflet...
[2026-09-17T23:44:40.508+0000] {logging_mixin.py:188} INFO - Fetching weather data for: Oulad Teïma...
[2026-09-17T23:44:40.863+0000] {logging_mixin.py:188} INFO - Fetching weather data for: Berkane...
[2026-09-17T23:44:41.265+0000] {logging_mixin.py:188} INFO - Fetching weather data for: Ain El Aouda...
[2026-09-17T23:44:41.766+0000] {logging_mixin.py:188} INFO - Fetching weather data for: Errachidia...
[2026-09-17T23:44:42.133+0000] {logging_mixin.py:188} INFO - Fetching weather data for: Al Fqih Ben Çalah...
[2026-09-17T23:44:42.486+0000] {logging_mixin.py:188} INFO - Fetching weather data for: Ad Darwa...
[2026-09-17T23:44:42.837+0000] {logging_mixin.py:188} INFO - Fetching weather data for: Martil...
[2026-09-17T23:44:43.191+0000] {logging_mixin.py:188} INFO - Fetching weather data for: Sidi Slimane...
[2026-09-17T23:44:43.587+0000] {logging_mixin.py:188} INFO - Fetching weather data for: Oued Zem...
[2026-09-17T23:44:44.000+0000] {logging_mixin.py:188} INFO - Fetching weather data for: Sefrou...
[2026-09-17T23:44:44.411+0000] {logging_mixin.py:188} INFO - Fetching weather data for: Taroudannt...
[2026-09-17T23:44:44.817+0000] {logging_mixin.py:188} INFO - Fetching weather data for: Essaouira...
[2026-09-17T23:44:45.207+0000] {logging_mixin.py:188} INFO - Fetching weather data for: Azrou...
[2026-09-17T23:44:45.582+0000] {logging_mixin.py:188} INFO - Fetching weather data for: Guercif...
[2026-09-17T23:44:46.014+0000] {logging_mixin.py:188} INFO - Fetching weather data for: Warzat...
[2026-09-17T23:44:46.527+0000] {logging_mixin.py:188} INFO - Fetching weather data for: Fnidq...
[2026-09-17T23:44:47.029+0000] {logging_mixin.py:188} INFO - Fetching weather data for: Tan-Tan...
[2026-09-17T23:44:47.440+0000] {logging_mixin.py:188} INFO - Fetching weather data for: Sidi Qacem...
[2026-09-17T23:44:47.856+0000] {logging_mixin.py:188} INFO - Fetching weather data for: M’diq...
[2026-09-17T23:44:48.258+0000] {logging_mixin.py:188} INFO - Fetching weather data for: Youssoufia...
[2026-09-17T23:44:48.660+0000] {logging_mixin.py:188} INFO - Fetching weather data for: Midalt...
[2026-09-17T23:44:49.062+0000] {logging_mixin.py:188} INFO - Fetching weather data for: Aïn Harrouda...
[2026-09-17T23:44:49.466+0000] {logging_mixin.py:188} INFO - Fetching weather data for: Souq Sebt Oulad Nemma...
[2026-09-17T23:44:49.892+0000] {logging_mixin.py:188} INFO - Fetching weather data for: Mehdya...
[2026-09-17T23:44:50.422+0000] {logging_mixin.py:188} INFO - Fetching weather data for: Ouezzane...
[2026-09-17T23:44:51.093+0000] {logging_mixin.py:188} INFO - Fetching weather data for: Semara...
[2026-09-17T23:44:51.569+0000] {logging_mixin.py:188} INFO - Fetching weather data for: Ait Ourir...
[2026-09-17T23:44:52.013+0000] {logging_mixin.py:188} INFO - Fetching weather data for: Oulad Tayeb...
[2026-09-17T23:44:52.384+0000] {logging_mixin.py:188} INFO - Fetching weather data for: Tit Mellil...
[2026-09-17T23:44:52.765+0000] {logging_mixin.py:188} INFO - Fetching weather data for: Sidi Bennour...
[2026-09-17T23:44:53.189+0000] {logging_mixin.py:188} INFO - Fetching weather data for: Temsia...
[2026-09-17T23:44:53.605+0000] {logging_mixin.py:188} INFO - Fetching weather data for: Biougra...
[2026-09-17T23:44:54.012+0000] {logging_mixin.py:188} INFO - Fetching weather data for: Al Hoceïma...
[2026-09-17T23:44:54.436+0000] {logging_mixin.py:188} INFO - Fetching weather data for: Qasbat Tadla...
[2026-09-17T23:44:54.836+0000] {logging_mixin.py:188} INFO - Fetching weather data for: Aziylal...
[2026-09-17T23:44:55.360+0000] {logging_mixin.py:188} INFO - Fetching weather data for: Boujad...
[2026-09-17T23:44:55.788+0000] {logging_mixin.py:188} INFO - Fetching weather data for: Al Aaroui...
[2026-09-17T23:44:56.208+0000] {logging_mixin.py:188} INFO - Fetching weather data for: Mrirt...
[2026-09-17T23:44:56.635+0000] {logging_mixin.py:188} INFO - Fetching weather data for: Tineghir...
[2026-09-17T23:44:57.052+0000] {logging_mixin.py:188} INFO - Fetching weather data for: Bouknadel...
[2026-09-17T23:44:57.486+0000] {logging_mixin.py:188} INFO - Fetching weather data for: Cabo Bojador...
[2026-09-17T23:44:57.924+0000] {logging_mixin.py:188} INFO - Fetching weather data for: Zagora...
[2026-09-17T23:44:58.333+0000] {logging_mixin.py:188} INFO - Fetching weather data for: Azemmour...
[2026-09-17T23:44:58.744+0000] {logging_mixin.py:188} INFO - Fetching weather data for: El Hajeb...
[2026-09-17T23:44:59.155+0000] {logging_mixin.py:188} INFO - Fetching weather data for: Jerada...
[2026-09-17T23:44:59.591+0000] {logging_mixin.py:188} INFO - Fetching weather data for: El Aïoun...
[2026-09-17T23:45:00.015+0000] {logging_mixin.py:188} INFO - Fetching weather data for: Tameslouht...
[2026-09-17T23:45:00.485+0000] {logging_mixin.py:188} INFO - Fetching weather data for: Sidi Yahia El Gharb...
[2026-09-17T23:45:01.958+0000] {logging_mixin.py:188} INFO - Fetching weather data for: Chichaoua...
[2026-09-17T23:45:02.367+0000] {logging_mixin.py:188} INFO - Fetching weather data for: Al ’Attawia...
[2026-09-17T23:45:02.897+0000] {logging_mixin.py:188} INFO - Fetching weather data for: Tabount...
[2026-09-17T23:45:03.356+0000] {logging_mixin.py:188} INFO - Fetching weather data for: Zaïo...
[2026-09-17T23:45:03.772+0000] {logging_mixin.py:188} INFO - Fetching weather data for: Aguelmous...
[2026-09-17T23:45:04.188+0000] {logging_mixin.py:188} INFO - Fetching weather data for: Asilah...
[2026-09-17T23:45:04.617+0000] {logging_mixin.py:188} INFO - Fetching weather data for: Imzouren...
[2026-09-17T23:45:05.034+0000] {logging_mixin.py:188} INFO - Fetching weather data for: Mediouna...
[2026-09-17T23:45:05.465+0000] {logging_mixin.py:188} INFO - Fetching weather data for: Demnat...
[2026-09-17T23:45:06.661+0000] {logging_mixin.py:188} INFO - Fetching weather data for: Aïn Taoujdat...
[2026-09-17T23:45:09.799+0000] {logging_mixin.py:188} INFO - Fetching weather data for: Sidi Smai’il...
[2026-09-17T23:45:10.228+0000] {logging_mixin.py:188} INFO - Fetching weather data for: Moulay Bousselham...
[2026-09-17T23:45:10.698+0000] {logging_mixin.py:188} INFO - Fetching weather data for: Mechraa Bel Ksiri...
[2026-09-17T23:45:11.128+0000] {logging_mixin.py:188} INFO - Fetching weather data for: Souk et Tnine Jorf el Mellah...
[2026-09-17T23:45:11.552+0000] {logging_mixin.py:188} INFO - Fetching weather data for: Zeghanghane...
[2026-09-17T23:45:11.966+0000] {logging_mixin.py:188} INFO - Fetching weather data for: Oulad Barhil...
[2026-09-17T23:45:12.424+0000] {logging_mixin.py:188} INFO - Fetching weather data for: Bir Jdid...
[2026-09-17T23:45:12.784+0000] {logging_mixin.py:188} INFO - Fetching weather data for: Bou Arfa...
[2026-09-17T23:45:13.212+0000] {logging_mixin.py:188} INFO - Fetching weather data for: Tahannawt...
[2026-09-17T23:45:13.663+0000] {logging_mixin.py:188} INFO - Fetching weather data for: Arfoud...
[2026-09-17T23:45:14.032+0000] {logging_mixin.py:188} INFO - Fetching weather data for: Tahla...
[2026-09-17T23:45:14.405+0000] {logging_mixin.py:188} INFO - Fetching weather data for: Missour...
[2026-09-17T23:45:14.833+0000] {logging_mixin.py:188} INFO - Fetching weather data for: Sidi Lmokhtar...
[2026-09-17T23:45:15.254+0000] {logging_mixin.py:188} INFO - Fetching weather data for: Douar Toulal...
[2026-09-17T23:45:15.669+0000] {logging_mixin.py:188} INFO - Fetching weather data for: Oulad Yaïch...
[2026-09-17T23:45:16.085+0000] {logging_mixin.py:188} INFO - Fetching weather data for: Zawyat ech Cheïkh...
[2026-09-17T23:45:16.460+0000] {logging_mixin.py:188} INFO - Fetching weather data for: Imi-n-Tanout...
[2026-09-17T23:45:16.895+0000] {logging_mixin.py:188} INFO - Fetching weather data for: Sebt Gzoula...
[2026-09-17T23:45:17.319+0000] {logging_mixin.py:188} INFO - Fetching weather data for: Tifariti...
[2026-09-17T23:45:17.823+0000] {logging_mixin.py:188} INFO - 
Extraction complete! 120 cities saved to /opt/***/data/bronze/raw_json/raw_weather_20260917_234517.json
[2026-09-17T23:45:17.825+0000] {python.py:237} INFO - Done. Returned value was: None
[2026-09-17T23:45:17.827+0000] {taskinstance.py:441} INFO - ::group::Post task execution logs
[2026-09-17T23:45:17.873+0000] {taskinstance.py:1206} INFO - Marking task as SUCCESS. dag_id=weather_pipeline, task_id=execute_extract, run_id=manual__2026-09-17T23:35:44.139306+00:00, execution_date=20260917T233544, start_date=20260917T234422, end_date=20260917T234517
[2026-09-17T23:45:17.933+0000] {local_task_job_runner.py:240} INFO - Task exited with return code 0
[2026-09-17T23:45:18.045+0000] {taskinstance.py:3503} INFO - 1 downstream tasks scheduled from follow-on schedule check
[2026-09-17T23:45:18.052+0000] {local_task_job_runner.py:222} INFO - ::endgroup::
